Component: Arm Compiler for Embedded 6.19 Tool: armlink [5e73cb00]

==============================================================================

Section Cross References

    main.o(.text.main) refers to main.o(.text.GPIO_Init) for GPIO_Init
    main.o(.text.main) refers to i2c.o(.text.initSysTick) for initSysTick
    main.o(.text.main) refers to i2c.o(.text.I2C3_Init) for I2C3_Init
    main.o(.text.main) refers to oled.o(.text.OLED_Init) for OLED_Init
    main.o(.text.main) refers to oled.o(.text.OLED_Clear) for OLED_Clear
    main.o(.text.main) refers to pong2player.o(.text.Pong_2P_Loop) for Pong_2P_Loop
    main.o(.ARM.exidx.text.main) refers to main.o(.text.main) for [Anonymous Symbol]
    main.o(.ARM.exidx.text.GPIO_Init) refers to main.o(.text.GPIO_Init) for [Anonymous Symbol]
    game.o(.text.drawScore) refers to game.o(.bss.player_score) for player_score
    game.o(.text.drawScore) refers to game.o(.bss.cpu_score) for cpu_score
    game.o(.text.drawScore) refers to game.o(.rodata.str1.1) for .L.str
    game.o(.text.drawScore) refers to sprintf.o(.text) for sprintf
    game.o(.text.drawScore) refers to oled.o(.text.OLED_YX) for OLED_YX
    game.o(.text.drawScore) refers to oled.o(.text.OLED_Write_String) for OLED_Write_String
    game.o(.ARM.exidx.text.drawScore) refers to game.o(.text.drawScore) for [Anonymous Symbol]
    game.o(.text.handleScoring) refers to pongcourt.o(.data.ball_x) for ball_x
    game.o(.text.handleScoring) refers to pongcourt.o(.data.ball_y) for ball_y
    game.o(.text.handleScoring) refers to oled.o(.text.OLED_DrawPixel) for OLED_DrawPixel
    game.o(.text.handleScoring) refers to oled.o(.text.OLED_Update) for OLED_Update
    game.o(.text.handleScoring) refers to oled.o(.text.OLED_Clear) for OLED_Clear
    game.o(.text.handleScoring) refers to pongcourt.o(.text.drawCourt) for drawCourt
    game.o(.text.handleScoring) refers to game.o(.text.drawScore) for drawScore
    game.o(.text.handleScoring) refers to oled.o(.text.OLED_YX) for OLED_YX
    game.o(.text.handleScoring) refers to game.o(.rodata.str1.1) for .L.str.1
    game.o(.text.handleScoring) refers to oled.o(.text.OLED_Write_String) for OLED_Write_String
    game.o(.text.handleScoring) refers to oled.o(.text.Delay_ms) for Delay_ms
    game.o(.text.handleScoring) refers to pongcourt.o(.data.ball_dir_x) for ball_dir_x
    game.o(.text.handleScoring) refers to pongcourt.o(.data.ball_dir_y) for ball_dir_y
    game.o(.text.handleScoring) refers to i2c.o(.text.millis) for millis
    game.o(.text.handleScoring) refers to pongcourt.o(.bss.ball_update) for ball_update
    game.o(.ARM.exidx.text.handleScoring) refers to game.o(.text.handleScoring) for [Anonymous Symbol]
    game.o(.text.Pong_Loop) refers to oled.o(.text.OLED_Clear) for OLED_Clear
    game.o(.text.Pong_Loop) refers to pongcourt.o(.text.drawCourt) for drawCourt
    game.o(.text.Pong_Loop) refers to i2c.o(.text.millis) for millis
    game.o(.text.Pong_Loop) refers to pongcourt.o(.bss.ball_update) for ball_update
    game.o(.text.Pong_Loop) refers to pongcourt.o(.data.ball_x) for ball_x
    game.o(.text.Pong_Loop) refers to pongcourt.o(.data.ball_dir_x) for ball_dir_x
    game.o(.text.Pong_Loop) refers to pongcourt.o(.data.ball_y) for ball_y
    game.o(.text.Pong_Loop) refers to pongcourt.o(.data.ball_dir_y) for ball_dir_y
    game.o(.text.Pong_Loop) refers to game.o(.data.cpu_y) for cpu_y
    game.o(.text.Pong_Loop) refers to game.o(.data.player_y) for player_y
    game.o(.text.Pong_Loop) refers to game.o(.bss.player_score) for player_score
    game.o(.text.Pong_Loop) refers to game.o(.text.handleGameOver) for handleGameOver
    game.o(.text.Pong_Loop) refers to game.o(.text.handleScoring) for handleScoring
    game.o(.text.Pong_Loop) refers to game.o(.bss.cpu_score) for cpu_score
    game.o(.text.Pong_Loop) refers to oled.o(.text.OLED_DrawPixel) for OLED_DrawPixel
    game.o(.text.Pong_Loop) refers to pongcourt.o(.bss.paddle_update) for paddle_update
    game.o(.text.Pong_Loop) refers to oled.o(.text.OLED_DrawRect) for OLED_DrawRect
    game.o(.text.Pong_Loop) refers to oled.o(.text.OLED_Update) for OLED_Update
    game.o(.ARM.exidx.text.Pong_Loop) refers to game.o(.text.Pong_Loop) for [Anonymous Symbol]
    game.o(.text.handleGameOver) refers to oled.o(.text.OLED_Clear) for OLED_Clear
    game.o(.text.handleGameOver) refers to oled.o(.text.OLED_YX) for OLED_YX
    game.o(.text.handleGameOver) refers to game.o(.bss.player_score) for player_score
    game.o(.text.handleGameOver) refers to game.o(.bss.cpu_score) for cpu_score
    game.o(.text.handleGameOver) refers to game.o(.rodata.str1.1) for .L.str
    game.o(.text.handleGameOver) refers to sprintf.o(.text) for sprintf
    game.o(.text.handleGameOver) refers to oled.o(.text.OLED_Write_String) for OLED_Write_String
    game.o(.text.handleGameOver) refers to oled.o(.text.Delay_ms) for Delay_ms
    game.o(.ARM.exidx.text.handleGameOver) refers to game.o(.text.handleGameOver) for [Anonymous Symbol]
[...]
    ../clib/printf.c                         0x00000000   Number         0  _printf_hex_ptr.o ABSOLUTE
    ../clib/printf.c                         0x00000000   Number         0  _printf_hex_int_ptr.o ABSOLUTE
    ../clib/printf.c                         0x00000000   Number         0  _printf_hex_ll_ptr.o ABSOLUTE
    ../clib/printf.c                         0x00000000   Number         0  _printf_hex_int_ll_ptr.o ABSOLUTE
    ../clib/printf.c                         0x00000000   Number         0  __printf_flags.o ABSOLUTE
    ../clib/printf.c                         0x00000000   Number         0  __printf_ss.o ABSOLUTE
    ../clib/printf.c                         0x00000000   Number         0  __printf_flags_ss.o ABSOLUTE
    ../clib/printf.c                         0x00000000   Number         0  __printf_wp.o ABSOLUTE
    ../clib/printf.c                         0x00000000   Number         0  __printf_flags_wp.o ABSOLUTE
    ../clib/printf.c                         0x00000000   Number         0  __printf_ss_wp.o ABSOLUTE
    ../clib/printf.c                         0x00000000   Number         0  __printf_flags_ss_wp.o ABSOLUTE
    ../clib/printf.c                         0x00000000   Number         0  _printf_intcommon.o ABSOLUTE
    ../clib/printf.c                         0x00000000   Number         0  _printf_fp_dec.o ABSOLUTE
    ../clib/printf.c                         0x00000000   Number         0  _printf_fp_dec_accurate.o ABSOLUTE
    ../clib/printf.c                         0x00000000   Number         0  _printf_fp_hex.o ABSOLUTE
    ../clib/printf.c                         0x00000000   Number         0  __printf_nopercent.o ABSOLUTE
    ../clib/printf.c                         0x00000000   Number         0  _printf_char.o ABSOLUTE
    ../clib/printf.c                         0x00000000   Number         0  _printf_wchar.o ABSOLUTE
    ../clib/printf.c                         0x00000000   Number         0  _printf_fp_infnan.o ABSOLUTE
    ../clib/printf_percent.s                 0x00000000   Number         0  _printf_c.o ABSOLUTE
    ../clib/printf_percent.s                 0x00000000   Number         0  _printf_s.o ABSOLUTE
    ../clib/printf_percent.s                 0x00000000   Number         0  _printf_n.o ABSOLUTE
    ../clib/printf_percent.s                 0x00000000   Number         0  _printf_x.o ABSOLUTE
    ../clib/printf_percent.s                 0x00000000   Number         0  _printf_p.o ABSOLUTE
    ../clib/printf_percent.s                 0x00000000   Number         0  _printf_o.o ABSOLUTE
    ../clib/printf_percent.s                 0x00000000   Number         0  _printf_i.o ABSOLUTE
    ../clib/printf_percent.s                 0x00000000   Number         0  _printf_d.o ABSOLUTE
    ../clib/printf_percent.s                 0x00000000   Number         0  _printf_u.o ABSOLUTE
    ../clib/printf_percent.s                 0x00000000   Number         0  _printf_f.o ABSOLUTE
    ../clib/printf_percent.s                 0x00000000   Number         0  _printf_e.o ABSOLUTE
    ../clib/printf_percent.s                 0x00000000   Number         0  _printf_g.o ABSOLUTE
    ../clib/printf_percent.s                 0x00000000   Number         0  _printf_a.o ABSOLUTE
    ../clib/printf_percent.s                 0x00000000   Number         0  _printf_percent.o ABSOLUTE
    ../clib/printf_percent.s                 0x00000000   Number         0  _printf_lli.o ABSOLUTE
    ../clib/printf_percent.s                 0x00000000   Number         0  _printf_lld.o ABSOLUTE
    ../clib/printf_percent.s                 0x00000000   Number         0  _printf_llu.o ABSOLUTE
    ../clib/printf_percent.s                 0x00000000   Number         0  _printf_ll.o ABSOLUTE
    ../clib/printf_percent.s                 0x00000000   Number         0  _printf_l.o ABSOLUTE
    ../clib/printf_percent.s                 0x00000000   Number         0  _printf_lc.o ABSOLUTE
    ../clib/printf_percent.s                 0x00000000   Number         0  _printf_ls.o ABSOLUTE
    ../clib/printf_percent.s                 0x00000000   Number         0  _printf_llo.o ABSOLUTE
    ../clib/printf_percent.s                 0x00000000   Number         0  _printf_llx.o ABSOLUTE
    ../clib/printf_percent.s                 0x00000000   Number         0  _printf_percent_end.o ABSOLUTE
    ../clib/signal.c                         0x00000000   Number         0  defsig_rtmem_outer.o ABSOLUTE
    ../clib/signal.c                         0x00000000   Number         0  defsig_rtmem_formal.o ABSOLUTE
    ../clib/signal.c                         0x00000000   Number         0  defsig_exit.o ABSOLUTE
    ../clib/signal.c                         0x00000000   Number         0  defsig_rtmem_inner.o ABSOLUTE
    ../clib/signal.c                         0x00000000   Number         0  __raise.o ABSOLUTE
    ../clib/signal.c                         0x00000000   Number         0  defsig_general.o ABSOLUTE
    ../clib/signal.c                         0x00000000   Number         0  defsig_abrt_inner.o ABSOLUTE
    ../clib/signal.c                         0x00000000   Number         0  defsig_fpe_inner.o ABSOLUTE
    ../clib/signal.c                         0x00000000   Number         0  defsig_rtred_inner.o ABSOLUTE
    ../clib/signal.c                         0x00000000   Number         0  defsig_stak_inner.o ABSOLUTE
    ../clib/signal.c                         0x00000000   Number         0  defsig_pvfn_inner.o ABSOLUTE
    ../clib/signal.c                         0x00000000   Number         0  defsig_cppl_inner.o ABSOLUTE
    ../clib/signal.c                         0x00000000   Number         0  defsig_segv_inner.o ABSOLUTE
    ../clib/signal.c                         0x00000000   Number         0  defsig_other.o ABSOLUTE
    ../clib/signal.s                         0x00000000   Number         0  defsig.o ABSOLUTE
    ../clib/stdlib.c                         0x00000000   Number         0  exit.o ABSOLUTE
    ../fplib/fpinit.s                        0x00000000   Number         0  fpinit.o ABSOLUTE
    ../fplib/istatus.s                       0x00000000   Number         0  istatus.o ABSOLUTE
    ../fplib/printf1.s                       0x00000000   Number         0  printf1.o ABSOLUTE
    ../fplib/printf2.s                       0x00000000   Number         0  printf2.o ABSOLUTE
    ../fplib/printf2a.s                      0x00000000   Number         0  printf2a.o ABSOLUTE
    ../fplib/printf2b.s                      0x00000000   Number         0  printf2b.o ABSOLUTE
    ../fplib/usenofp.s                       0x00000000   Number         0  usenofp.o ABSOLUTE
    ../mathlib/fpclassify.c                  0x00000000   Number         0  fpclassify.o ABSOLUTE
    I2C.c                                    0x00000000   Number         0  i2c.o ABSOLUTE
    OLED.c                                   0x00000000   Number         0  oled.o ABSOLUTE
    Pong2player.c                            0x00000000   Number         0  pong2player.o ABSOLUTE
    RTE/Device/TM4C123GH6PM/startup_TM4C123.s 0x00000000   Number         0  startup_tm4c123.o ABSOLUTE
    dc.s                                     0x00000000   Number         0  dc.o ABSOLUTE
    font.c                                   0x00000000   Number         0  font.o ABSOLUTE
    game.c                                   0x00000000   Number         0  game.o ABSOLUTE
    main.c                                   0x00000000   Number         0  main.o ABSOLUTE
    pongcourt.c                              0x00000000   Number         0  pongcourt.o ABSOLUTE
    system_TM4C123.c                         0x00000000   Number         0  system_tm4c123.o ABSOLUTE
    RESET                                    0x00000000   Section      620  startup_tm4c123.o(RESET)
    !!!main                                  0x0000026c   Section        8  __main.o(!!!main)
    !!!scatter                               0x00000274   Section       52  __scatter.o(!!!scatter)
    !!handler_copy                           0x000002a8   Section       26  __scatter_copy.o(!!handler_copy)
    !!handler_zi                             0x000002c4   Section       28  __scatter_zi.o(!!handler_zi)
    .ARM.Collect$$_printf_percent$$00000000  0x000002e0   Section        0  _printf_percent.o(.ARM.Collect$$_printf_percent$$00000000)
    .ARM.Collect$$_printf_percent$$00000001  0x000002e0   Section        6  _printf_n.o(.ARM.Collect$$_printf_percent$$00000001)
    .ARM.Collect$$_printf_percent$$00000002  0x000002e6   Section        6  _printf_p.o(.ARM.Collect$$_printf_percent$$00000002)
    .ARM.Collect$$_printf_percent$$00000003  0x000002ec   Section        6  _printf_f.o(.ARM.Collect$$_printf_percent$$00000003)
    .ARM.Collect$$_printf_percent$$00000004  0x000002f2   Section        6  _printf_e.o(.ARM.Collect$$_printf_percent$$00000004)
    .ARM.Collect$$_printf_percent$$00000005  0x000002f8   Section        6  _printf_g.o(.ARM.Collect$$_printf_percent$$00000005)
    .ARM.Collect$$_printf_percent$$00000006  0x000002fe   Section        6  _printf_a.o(.ARM.Collect$$_printf_percent$$00000006)
    .ARM.Collect$$_printf_percent$$00000007  0x00000304   Section       10  _printf_ll.o(.ARM.Collect$$_printf_percent$$00000007)
    .ARM.Collect$$_printf_percent$$00000008  0x0000030e   Section        6  _printf_i.o(.ARM.Collect$$_printf_percent$$00000008)
    .ARM.Collect$$_printf_percent$$00000009  0x00000314   Section        6  _printf_d.o(.ARM.Collect$$_printf_percent$$00000009)
    .ARM.Collect$$_printf_percent$$0000000A  0x0000031a   Section        6  _printf_u.o(.ARM.Collect$$_printf_percent$$0000000A)
    .ARM.Collect$$_printf_percent$$0000000B  0x00000320   Section        6  _printf_o.o(.ARM.Collect$$_printf_percent$$0000000B)
    .ARM.Collect$$_printf_percent$$0000000C  0x00000326   Section        6  _printf_x.o(.ARM.Collect$$_printf_percent$$0000000C)
    .ARM.Collect$$_printf_percent$$0000000D  0x0000032c   Section        6  _printf_lli.o(.ARM.Collect$$_printf_percent$$0000000D)
    .ARM.Collect$$_printf_percent$$0000000E  0x00000332   Section        6  _printf_lld.o(.ARM.Collect$$_printf_percent$$0000000E)
    .ARM.Collect$$_printf_percent$$0000000F  0x00000338   Section        6  _printf_llu.o(.ARM.Collect$$_printf_percent$$0000000F)
    .ARM.Collect$$_printf_percent$$00000010  0x0000033e   Section        6  _printf_llo.o(.ARM.Collect$$_printf_percent$$00000010)
    .ARM.Collect$$_printf_percent$$00000011  0x00000344   Section        6  _printf_llx.o(.ARM.Collect$$_printf_percent$$00000011)
    .ARM.Collect$$_printf_percent$$00000012  0x0000034a   Section       10  _printf_l.o(.ARM.Collect$$_printf_percent$$00000012)
    .ARM.Collect$$_printf_percent$$00000013  0x00000354   Section        6  _printf_c.o(.ARM.Collect$$_printf_percent$$00000013)
    .ARM.Collect$$_printf_percent$$00000014  0x0000035a   Section        6  _printf_s.o(.ARM.Collect$$_printf_percent$$00000014)
    .ARM.Collect$$_printf_percent$$00000015  0x00000360   Section        6  _printf_lc.o(.ARM.Collect$$_printf_percent$$00000015)
    .ARM.Collect$$_printf_percent$$00000016  0x00000366   Section        6  _printf_ls.o(.ARM.Collect$$_printf_percent$$00000016)
    .ARM.Collect$$_printf_percent$$00000017  0x0000036c   Section        4  _printf_percent_end.o(.ARM.Collect$$_printf_percent$$00000017)
    .ARM.Collect$$libinit$$00000000          0x00000370   Section        2  libinit.o(.ARM.Collect$$libinit$$00000000)
    .ARM.Collect$$libinit$$00000001          0x00000372   Section        4  libinit2.o(.ARM.Collect$$libinit$$00000001)
    .ARM.Collect$$libinit$$00000004          0x00000376   Section        0  libinit2.o(.ARM.Collect$$libinit$$00000004)
    .ARM.Collect$$libinit$$00000006          0x00000376   Section        0  libinit2.o(.ARM.Collect$$libinit$$00000006)
    .ARM.Collect$$libinit$$0000000C          0x00000376   Section        0  libinit2.o(.ARM.Collect$$libinit$$0000000C)
    .ARM.Collect$$libinit$$0000000E          0x00000376   Section        0  libinit2.o(.ARM.Collect$$libinit$$0000000E)
    .ARM.Collect$$libinit$$00000010          0x00000376   Section        0  libinit2.o(.ARM.Collect$$libinit$$00000010)
    .ARM.Collect$$libinit$$00000011          0x00000376   Section        6  libinit2.o(.ARM.Collect$$libinit$$00000011)
    .ARM.Collect$$libinit$$00000013          0x0000037c   Section        0  libinit2.o(.ARM.Collect$$libinit$$00000013)
    .ARM.Collect$$libinit$$00000014          0x0000037c   Section       12  libinit2.o(.ARM.Collect$$libinit$$00000014)
    .ARM.Collect$$libinit$$00000015          0x00000388   Section        0  libinit2.o(.ARM.Collect$$libinit$$00000015)
    .ARM.Collect$$libinit$$00000017          0x00000388   Section        0  libinit2.o(.ARM.Collect$$libinit$$00000017)
    .ARM.Collect$$libinit$$00000018          0x00000388   Section       10  libinit2.o(.ARM.Collect$$libinit$$00000018)
    .ARM.Collect$$libinit$$00000019          0x00000392   Section        0  libinit2.o(.ARM.Collect$$libinit$$00000019)
    .ARM.Collect$$libinit$$0000001B          0x00000392   Section        0  libinit2.o(.ARM.Collect$$libinit$$0000001B)
    .ARM.Collect$$libinit$$0000001D          0x00000392   Section        0  libinit2.o(.ARM.Collect$$libinit$$0000001D)
    .ARM.Collect$$libinit$$0000001F          0x00000392   Section        0  libinit2.o(.ARM.Collect$$libinit$$0000001F)
    .ARM.Collect$$libinit$$00000021          0x00000392   Section        0  libinit2.o(.ARM.Collect$$libinit$$00000021)
    .ARM.Collect$$libinit$$00000023          0x00000392   Section        0  libinit2.o(.ARM.Collect$$libinit$$00000023)
    .ARM.Collect$$libinit$$00000025          0x00000392   Section        0  libinit2.o(.ARM.Collect$$libinit$$00000025)
    .ARM.Collect$$libinit$$00000027          0x00000392   Section        0  libinit2.o(.ARM.Collect$$libinit$$00000027)
    .ARM.Collect$$libinit$$0000002E          0x00000392   Section        0  libinit2.o(.ARM.Collect$$libinit$$0000002E)
    .ARM.Collect$$libinit$$00000030          0x00000392   Section        0  libinit2.o(.ARM.Collect$$libinit$$00000030)
    .ARM.Collect$$libinit$$00000032          0x00000392   Section        0  libinit2.o(.ARM.Collect$$libinit$$00000032)
    .ARM.Collect$$libinit$$00000034          0x00000392   Section        0  libinit2.o(.ARM.Collect$$libinit$$00000034)
    .ARM.Collect$$libinit$$00000035          0x00000392   Section        2  libinit2.o(.ARM.Collect$$libinit$$00000035)
    .ARM.Collect$$libshutdown$$00000000      0x00000394   Section        2  libshutdown.o(.ARM.Collect$$libshutdown$$00000000)
    .ARM.Collect$$libshutdown$$00000002      0x00000396   Section        0  libshutdown2.o(.ARM.Collect$$libshutdown$$00000002)
    .ARM.Collect$$libshutdown$$00000004      0x00000396   Section        0  libshutdown2.o(.ARM.Collect$$libshutdown$$00000004)
    .ARM.Collect$$libshutdown$$00000007      0x00000396   Section        0  libshutdown2.o(.ARM.Collect$$libshutdown$$00000007)
    .ARM.Collect$$libshutdown$$0000000A      0x00000396   Section        0  libshutdown2.o(.ARM.Collect$$libshutdown$$0000000A)
    .ARM.Collect$$libshutdown$$0000000C      0x00000396   Section        0  libshutdown2.o(.ARM.Collect$$libshutdown$$0000000C)
    .ARM.Collect$$libshutdown$$0000000F      0x00000396   Section        0  libshutdown2.o(.ARM.Collect$$libshutdown$$0000000F)
    .ARM.Collect$$libshutdown$$00000010      0x00000396   Section        2  libshutdown2.o(.ARM.Collect$$libshutdown$$00000010)
    .ARM.Collect$$rtentry$$00000000          0x00000398   Section        0  __rtentry.o(.ARM.Collect$$rtentry$$00000000)
    .ARM.Collect$$rtentry$$00000002          0x00000398   Section        0  __rtentry2.o(.ARM.Collect$$rtentry$$00000002)
    .ARM.Collect$$rtentry$$00000004          0x00000398   Section        6  __rtentry4.o(.ARM.Collect$$rtentry$$00000004)
    .ARM.Collect$$rtentry$$00000009          0x0000039e   Section        0  __rtentry2.o(.ARM.Collect$$rtentry$$00000009)
    .ARM.Collect$$rtentry$$0000000A          0x0000039e   Section        4  __rtentry2.o(.ARM.Collect$$rtentry$$0000000A)
    .ARM.Collect$$rtentry$$0000000C          0x000003a2   Section        0  __rtentry2.o(.ARM.Collect$$rtentry$$0000000C)
    .ARM.Collect$$rtentry$$0000000D          0x000003a2   Section        8  __rtentry2.o(.ARM.Collect$$rtentry$$0000000D)
    .ARM.Collect$$rtexit$$00000000           0x000003aa   Section        2  rtexit.o(.ARM.Collect$$rtexit$$00000000)
    .ARM.Collect$$rtexit$$00000002           0x000003ac   Section        0  rtexit2.o(.ARM.Collect$$rtexit$$00000002)
    .ARM.Collect$$rtexit$$00000003           0x000003ac   Section        4  rtexit2.o(.ARM.Collect$$rtexit$$00000003)
    .ARM.Collect$$rtexit$$00000004           0x000003b0   Section        6  rtexit2.o(.ARM.Collect$$rtexit$$00000004)
    $v0                                      0x000003b8   Number         0  startup_tm4c123.o(.text)
    .text                                    0x000003b8   Section      276  startup_tm4c123.o(.text)
    .text                                    0x000004cc   Section        0  sprintf.o(.text)
    .text                                    0x000004f8   Section        0  heapauxi.o(.text)
    .text                                    0x000004fe   Section        0  _printf_pad.o(.text)
    .text                                    0x0000054c   Section        0  _printf_truncate.o(.text)
    .text                                    0x00000570   Section        0  _printf_str.o(.text)
    .text                                    0x000005c4   Section        0  _printf_dec.o(.text)
    .text                                    0x0000063c   Section        0  _printf_charcount.o(.text)
    _printf_input_char                       0x00000665   Thumb Code    10  _printf_char_common.o(.text)
    .text                                    0x00000664   Section        0  _printf_char_common.o(.text)
    .text                                    0x00000694   Section        0  _sputc.o(.text)
    .text                                    0x000006a0   Section        0  _printf_wctomb.o(.text)
    .text                                    0x0000075c   Section        0  _printf_longlong_dec.o(.text)
    _printf_longlong_oct_internal            0x000007d9   Thumb Code     0  _printf_oct_int_ll.o(.text)
    .text                                    0x000007d8   Section        0  _printf_oct_int_ll.o(.text)
    _printf_hex_common                       0x00000849   Thumb Code     0  _printf_hex_int_ll_ptr.o(.text)
    .text                                    0x00000848   Section        0  _printf_hex_int_ll_ptr.o(.text)
    .text                                    0x000008dc   Section        0  __printf_flags_ss_wp.o(.text)
    .text                                    0x00000a64   Section      138  lludiv10.o(.text)
    .text                                    0x00000aee   Section        0  _printf_intcommon.o(.text)
    _fp_digits                               0x00000ba1   Thumb Code   432  _printf_fp_dec.o(.text)
    .text                                    0x00000ba0   Section        0  _printf_fp_dec.o(.text)
    .text                                    0x00000fbc   Section        0  _printf_fp_hex.o(.text)
    .text                                    0x000012b8   Section        0  _printf_char.o(.text)
    .text                                    0x000012e4   Section        0  _printf_wchar.o(.text)
    .text                                    0x00001310   Section        0  _c16rtomb.o(.text)
    .text                                    0x00001358   Section       74  sys_stackheap_outer.o(.text)
    .text                                    0x000013a4   Section       16  rt_ctype_table.o(.text)
    .text                                    0x000013b4   Section        8  rt_locale_intlibspace.o(.text)
    .text                                    0x000013bc   Section        0  _printf_fp_infnan.o(.text)
    .text                                    0x0000143c   Section        0  bigflt0.o(.text)
    .text                                    0x00001520   Section        0  exit.o(.text)
    .text                                    0x00001534   Section        8  libspace.o(.text)
    .text                                    0x00001540   Section      124  strcmpv7em.o(.text)
    .text                                    0x000015bc   Section        0  sys_exit.o(.text)
    .text                                    0x000015c8   Section        2  use_no_semi.o(.text)
    .text                                    0x000015ca   Section        0  indicate_semi.o(.text)
    [Anonymous Symbol]                       0x000015cc   Section        0  oled.o(.text.Delay_ms)
    [Anonymous Symbol]                       0x0000160c   Section        0  main.o(.text.GPIO_Init)
    [Anonymous Symbol]                       0x00001694   Section        0  i2c.o(.text.I2C3_Init)
    [Anonymous Symbol]                       0x00001710   Section        0  i2c.o(.text.I2C3_Write)
    [Anonymous Symbol]                       0x00001790   Section        0  oled.o(.text.OLED_Clear)
    [Anonymous Symbol]                       0x000017ec   Section        0  oled.o(.text.OLED_Command)
    [Anonymous Symbol]                       0x00001804   Section        0  oled.o(.text.OLED_Data)
    [Anonymous Symbol]                       0x0000181c   Section        0  oled.o(.text.OLED_DrawPixel)
    [Anonymous Symbol]                       0x000018a4   Section        0  oled.o(.text.OLED_DrawRect)
    [Anonymous Symbol]                       0x00001980   Section        0  oled.o(.text.OLED_Init)
    [Anonymous Symbol]                       0x00001a88   Section        0  oled.o(.text.OLED_PutChar)
    [Anonymous Symbol]                       0x00001af4   Section        0  oled.o(.text.OLED_Update)
    [Anonymous Symbol]                       0x00001b84   Section        0  oled.o(.text.OLED_Write_String)
    [Anonymous Symbol]                       0x00001ba8   Section        0  oled.o(.text.OLED_YX)
    [Anonymous Symbol]                       0x00001be4   Section        0  pong2player.o(.text.Pong_2P_Loop)
    [Anonymous Symbol]                       0x00001f1c   Section        0  i2c.o(.text.SysTick_Handler)
    [Anonymous Symbol]                       0x00001f2c   Section        0  system_tm4c123.o(.text.SystemInit)
    [Anonymous Symbol]                       0x00002038   Section        0  pongcourt.o(.text.drawCourt)
    [Anonymous Symbol]                       0x00002054   Section        0  pong2player.o(.text.drawScore2p)
    [Anonymous Symbol]                       0x00002090   Section        0  pong2player.o(.text.handleGameOver2p)
    [Anonymous Symbol]                       0x00002128   Section        0  pong2player.o(.text.handleScoring2p)
    [Anonymous Symbol]                       0x0000222c   Section        0  i2c.o(.text.initSysTick)
    [Anonymous Symbol]                       0x00002254   Section        0  main.o(.text.main)
    [Anonymous Symbol]                       0x0000227c   Section        0  i2c.o(.text.millis)
    CL$$btod_d2e                             0x00002288   Section       62  btod.o(CL$$btod_d2e)
    CL$$btod_d2e_denorm_low                  0x000022c6   Section       70  btod.o(CL$$btod_d2e_denorm_low)
    CL$$btod_d2e_norm_op1                    0x0000230c   Section       96  btod.o(CL$$btod_d2e_norm_op1)
    CL$$btod_div_common                      0x0000236c   Section      824  btod.o(CL$$btod_div_common)
    CL$$btod_e2e                             0x000026a4   Section      220  btod.o(CL$$btod_e2e)
    CL$$btod_ediv                            0x00002780   Section       42  btod.o(CL$$btod_ediv)
    CL$$btod_emul                            0x000027aa   Section       42  btod.o(CL$$btod_emul)
    CL$$btod_mult_common                     0x000027d4   Section      580  btod.o(CL$$btod_mult_common)
    i.__ARM_fpclassify                       0x00002a18   Section        0  fpclassify.o(i.__ARM_fpclassify)
    i._is_digit                              0x00002a48   Section        0  __printf_wp.o(i._is_digit)
    locale$$code                             0x00002a58   Section       44  lc_numeric_c.o(locale$$code)
    locale$$code                             0x00002a84   Section       44  lc_ctype_c.o(locale$$code)
    $v0                                      0x00002ab0   Number         0  fpinit.o(x$fpl$fpinit)
    x$fpl$fpinit                             0x00002ab0   Section       26  fpinit.o(x$fpl$fpinit)
    $v0                                      0x00002aca   Number         0  printf1.o(x$fpl$printf1)
    x$fpl$printf1                            0x00002aca   Section        4  printf1.o(x$fpl$printf1)
    $v0                                      0x00002ace   Number         0  printf2.o(x$fpl$printf2)
    x$fpl$printf2                            0x00002ace   Section        4  printf2.o(x$fpl$printf2)
    x$fpl$usenofp                            0x00002ad2   Section        0  usenofp.o(x$fpl$usenofp)
    initial_mbstate                          0x00002ad4   Data           8  _printf_wctomb.o(.constdata)
    .constdata                               0x00002ad4   Section        8  _printf_wctomb.o(.constdata)
    uc_hextab                                0x00002adc   Data          20  _printf_hex_int_ll_ptr.o(.constdata)
    .constdata                               0x00002adc   Section       40  _printf_hex_int_ll_ptr.o(.constdata)
    lc_hextab                                0x00002af0   Data          20  _printf_hex_int_ll_ptr.o(.constdata)
    maptable                                 0x00002b04   Data          17  __printf_flags_ss_wp.o(.constdata)
    .constdata                               0x00002b04   Section       17  __printf_flags_ss_wp.o(.constdata)
    lc_hextab                                0x00002b15   Data          19  _printf_fp_hex.o(.constdata)
    .constdata                               0x00002b15   Section       38  _printf_fp_hex.o(.constdata)
    uc_hextab                                0x00002b28   Data          19  _printf_fp_hex.o(.constdata)
    tenpwrs_x                                0x00002b3c   Data          60  bigflt0.o(.constdata)
    .constdata                               0x00002b3c   Section      148  bigflt0.o(.constdata)
    tenpwrs_i                                0x00002b78   Data          64  bigflt0.o(.constdata)
    .L.str.1                                 0x00002ed0   Data          11  pong2player.o(.rodata.str1.1)
    [Anonymous Symbol]                       0x00002ed0   Section        0  pong2player.o(.rodata.str1.1)
    .L.str.2                                 0x00002edb   Data          11  pong2player.o(.rodata.str1.1)
    .L.str.3                                 0x00002ee6   Data          14  pong2player.o(.rodata.str1.1)
    .L.str.4                                 0x00002ef4   Data          14  pong2player.o(.rodata.str1.1)
    .L.str                                   0x00002f02   Data          12  pong2player.o(.rodata.str1.1)
    locale$$data                             0x00002f30   Section       28  lc_numeric_c.o(locale$$data)
    __lcnum_c_name                           0x00002f34   Data           2  lc_numeric_c.o(locale$$data)
    __lcnum_c_start                          0x00002f3c   Data           0  lc_numeric_c.o(locale$$data)
    __lcnum_c_point                          0x00002f48   Data           0  lc_numeric_c.o(locale$$data)
    __lcnum_c_thousands                      0x00002f4a   Data           0  lc_numeric_c.o(locale$$data)
    __lcnum_c_grouping                       0x00002f4b   Data           0  lc_numeric_c.o(locale$$data)
    __lcnum_c_end                            0x00002f4c   Data           0  lc_numeric_c.o(locale$$data)
    locale$$data                             0x00002f4c   Section      272  lc_ctype_c.o(locale$$data)
    __lcctype_c_name                         0x00002f50   Data           2  lc_ctype_c.o(locale$$data)
    __lcctype_c_start                        0x00002f58   Data           0  lc_ctype_c.o(locale$$data)
    __lcctype_c_end                          0x0000305c   Data           0  lc_ctype_c.o(locale$$data)
    .bss                                     0x20000008   Section       96  libspace.o(.bss)
    oled_buffer                              0x20000070   Data        1024  oled.o(.bss.oled_buffer)
    [Anonymous Symbol]                       0x20000070   Section        0  oled.o(.bss.oled_buffer)
    Heap_Mem                                 0x20000478   Data           0  startup_tm4c123.o(HEAP)
    Stack_Mem                                0x20000478   Data         512  startup_tm4c123.o(STACK)
    HEAP                                     0x20000478   Section        0  startup_tm4c123.o(HEAP)
    STACK                                    0x20000478   Section      512  startup_tm4c123.o(STACK)
    __initial_sp                             0x20000678   Data           0  startup_tm4c123.o(STACK)

    Global Symbols

    Symbol Name                              Value     Ov Type        Size  Object(Section)

    BuildAttributes$$THM_ISAv4$E$P$D$K$B$S$7EM$VFPi3$EXTD16$VFPS$VFMA$PE$A:L22UL41UL21$X:L11$S22US41US21$IEEE1$IW$~IW$USESV6$~STKCKD$USESV7$~SHL$OTIME$ROPI$IEEEJ$EBA8$UX$STANDARDLIB$REQ8$PRES8$EABIv2 0x00000000   Number         0  anon$$obj.o ABSOLUTE
    __Vectors                                0x00000000   Data           4  startup_tm4c123.o(RESET)
    _printf_flags                            0x00000000   Number         0  printf_stubs.o ABSOLUTE
    _printf_return_value                     0x00000000   Number         0  printf_stubs.o ABSOLUTE
    _printf_sizespec                         0x00000000   Number         0  printf_stubs.o ABSOLUTE
    _printf_widthprec                        0x00000000   Number         0  printf_stubs.o ABSOLUTE
    __ARM_exceptions_init                     - Undefined Weak Reference
    __alloca_initialize                       - Undefined Weak Reference
    __arm_preinit_                            - Undefined Weak Reference
    __arm_relocate_pie_                       - Undefined Weak Reference
    __cpp_initialize__aeabi_                  - Undefined Weak Reference
    __cxa_finalize                            - Undefined Weak Reference
    __sigvec_lookup                           - Undefined Weak Reference
    _atexit_init                              - Undefined Weak Reference
    _call_atexit_fns                          - Undefined Weak Reference
    _clock_init                               - Undefined Weak Reference
    _fp_trap_init                             - Undefined Weak Reference
    _fp_trap_shutdown                         - Undefined Weak Reference
    _get_lc_collate                           - Undefined Weak Reference
    _get_lc_monetary                          - Undefined Weak Reference
    _get_lc_time                              - Undefined Weak Reference
    _getenv_init                              - Undefined Weak Reference
    _handle_redirection                       - Undefined Weak Reference
    _init_alloc                               - Undefined Weak Reference
    _init_user_alloc                          - Undefined Weak Reference
    _initio                                   - Undefined Weak Reference
    _printf_mbtowc                            - Undefined Weak Reference
    _printf_wc                                - Undefined Weak Reference
    _rand_init                                - Undefined Weak Reference
    _signal_finish                            - Undefined Weak Reference
    _signal_init                              - Undefined Weak Reference
    _terminate_alloc                          - Undefined Weak Reference
    _terminate_user_alloc                     - Undefined Weak Reference
    _terminateio                              - Undefined Weak Reference
    __Vectors_End                            0x0000026c   Data           0  startup_tm4c123.o(RESET)
    __Vectors_Size                           0x0000026c   Number         0  startup_tm4c123.o ABSOLUTE
    __main                                   0x0000026d   Thumb Code     8  __main.o(!!!main)
    __scatterload                            0x00000275   Thumb Code     0  __scatter.o(!!!scatter)
    __scatterload_rt2                        0x00000275   Thumb Code    44  __scatter.o(!!!scatter)
    __scatterload_rt2_thumb_only             0x00000275   Thumb Code     0  __scatter.o(!!!scatter)
    __scatterload_null                       0x00000283   Thumb Code     0  __scatter.o(!!!scatter)
    __scatterload_copy                       0x000002a9   Thumb Code    26  __scatter_copy.o(!!handler_copy)
    __scatterload_zeroinit                   0x000002c5   Thumb Code    28  __scatter_zi.o(!!handler_zi)
    _printf_n                                0x000002e1   Thumb Code     0  _printf_n.o(.ARM.Collect$$_printf_percent$$00000001)
    _printf_percent                          0x000002e1   Thumb Code     0  _printf_percent.o(.ARM.Collect$$_printf_percent$$00000000)
    _printf_p                                0x000002e7   Thumb Code     0  _printf_p.o(.ARM.Collect$$_printf_percent$$00000002)
    _printf_f                                0x000002ed   Thumb Code     0  _printf_f.o(.ARM.Collect$$_printf_percent$$00000003)
    _printf_e                                0x000002f3   Thumb Code     0  _printf_e.o(.ARM.Collect$$_printf_percent$$00000004)
    _printf_g                                0x000002f9   Thumb Code     0  _printf_g.o(.ARM.Collect$$_printf_percent$$00000005)
    _printf_a                                0x000002ff   Thumb Code     0  _printf_a.o(.ARM.Collect$$_printf_percent$$00000006)
    _printf_ll                               0x00000305   Thumb Code     0  _printf_ll.o(.ARM.Collect$$_printf_percent$$00000007)
    _printf_i                                0x0000030f   Thumb Code     0  _printf_i.o(.ARM.Collect$$_printf_percent$$00000008)
    _printf_d                                0x00000315   Thumb Code     0  _printf_d.o(.ARM.Collect$$_printf_percent$$00000009)
    _printf_u                                0x0000031b   Thumb Code     0  _printf_u.o(.ARM.Collect$$_printf_percent$$0000000A)
    _printf_o                                0x00000321   Thumb Code     0  _printf_o.o(.ARM.Collect$$_printf_percent$$0000000B)
    _printf_x                                0x00000327   Thumb Code     0  _printf_x.o(.ARM.Collect$$_printf_percent$$0000000C)
    _printf_lli                              0x0000032d   Thumb Code     0  _printf_lli.o(.ARM.Collect$$_printf_percent$$0000000D)
    _printf_lld                              0x00000333   Thumb Code     0  _printf_lld.o(.ARM.Collect$$_printf_percent$$0000000E)
    _printf_llu                              0x00000339   Thumb Code     0  _printf_llu.o(.ARM.Collect$$_printf_percent$$0000000F)
    _printf_llo                              0x0000033f   Thumb Code     0  _printf_llo.o(.ARM.Collect$$_printf_percent$$00000010)
    _printf_llx                              0x00000345   Thumb Code     0  _printf_llx.o(.ARM.Collect$$_printf_percent$$00000011)
    _printf_l                                0x0000034b   Thumb Code     0  _printf_l.o(.ARM.Collect$$_printf_percent$$00000012)
    _printf_c                                0x00000355   Thumb Code     0  _printf_c.o(.ARM.Collect$$_printf_percent$$00000013)
    _printf_s                                0x0000035b   Thumb Code     0  _printf_s.o(.ARM.Collect$$_printf_percent$$00000014)
    _printf_lc                               0x00000361   Thumb Code     0  _printf_lc.o(.ARM.Collect$$_printf_percent$$00000015)
    _printf_ls                               0x00000367   Thumb Code     0  _printf_ls.o(.ARM.Collect$$_printf_percent$$00000016)
    _printf_percent_end                      0x0000036d   Thumb Code     0  _printf_percent_end.o(.ARM.Collect$$_printf_percent$$00000017)
    __rt_lib_init                            0x00000371   Thumb Code     0  libinit.o(.ARM.Collect$$libinit$$00000000)
    __rt_lib_init_fp_1                       0x00000373   Thumb Code     0  libinit2.o(.ARM.Collect$$libinit$$00000001)
    __rt_lib_init_heap_1                     0x00000377   Thumb Code     0  libinit2.o(.ARM.Collect$$libinit$$0000000C)
    __rt_lib_init_lc_common                  0x00000377   Thumb Code     0  libinit2.o(.ARM.Collect$$libinit$$00000011)
    __rt_lib_init_preinit_1                  0x00000377   Thumb Code     0  libinit2.o(.ARM.Collect$$libinit$$00000006)
    __rt_lib_init_rand_1                     0x00000377   Thumb Code     0  libinit2.o(.ARM.Collect$$libinit$$00000010)
    __rt_lib_init_relocate_pie_1             0x00000377   Thumb Code     0  libinit2.o(.ARM.Collect$$libinit$$00000004)
    __rt_lib_init_user_alloc_1               0x00000377   Thumb Code     0  libinit2.o(.ARM.Collect$$libinit$$0000000E)
    __rt_lib_init_lc_collate_1               0x0000037d   Thumb Code     0  libinit2.o(.ARM.Collect$$libinit$$00000013)
    __rt_lib_init_lc_ctype_2                 0x0000037d   Thumb Code     0  libinit2.o(.ARM.Collect$$libinit$$00000014)
    __rt_lib_init_lc_ctype_1                 0x00000389   Thumb Code     0  libinit2.o(.ARM.Collect$$libinit$$00000015)
    __rt_lib_init_lc_monetary_1              0x00000389   Thumb Code     0  libinit2.o(.ARM.Collect$$libinit$$00000017)
    __rt_lib_init_lc_numeric_2               0x00000389   Thumb Code     0  libinit2.o(.ARM.Collect$$libinit$$00000018)
    __rt_lib_init_alloca_1                   0x00000393   Thumb Code     0  libinit2.o(.ARM.Collect$$libinit$$00000030)
    __rt_lib_init_argv_1                     0x00000393   Thumb Code     0  libinit2.o(.ARM.Collect$$libinit$$0000002E)
    __rt_lib_init_atexit_1                   0x00000393   Thumb Code     0  libinit2.o(.ARM.Collect$$libinit$$0000001D)
    __rt_lib_init_clock_1                    0x00000393   Thumb Code     0  libinit2.o(.ARM.Collect$$libinit$$00000023)
    __rt_lib_init_cpp_1                      0x00000393   Thumb Code     0  libinit2.o(.ARM.Collect$$libinit$$00000034)
    __rt_lib_init_exceptions_1               0x00000393   Thumb Code     0  libinit2.o(.ARM.Collect$$libinit$$00000032)
    __rt_lib_init_fp_trap_1                  0x00000393   Thumb Code     0  libinit2.o(.ARM.Collect$$libinit$$00000021)
    __rt_lib_init_getenv_1                   0x00000393   Thumb Code     0  libinit2.o(.ARM.Collect$$libinit$$00000025)
    __rt_lib_init_lc_numeric_1               0x00000393   Thumb Code     0  libinit2.o(.ARM.Collect$$libinit$$00000019)
    __rt_lib_init_lc_time_1                  0x00000393   Thumb Code     0  libinit2.o(.ARM.Collect$$libinit$$0000001B)
    __rt_lib_init_return                     0x00000393   Thumb Code     0  libinit2.o(.ARM.Collect$$libinit$$00000035)
    __rt_lib_init_signal_1                   0x00000393   Thumb Code     0  libinit2.o(.ARM.Collect$$libinit$$0000001F)
    __rt_lib_init_stdio_1                    0x00000393   Thumb Code     0  libinit2.o(.ARM.Collect$$libinit$$00000027)
    __rt_lib_shutdown                        0x00000395   Thumb Code     0  libshutdown.o(.ARM.Collect$$libshutdown$$00000000)
    __rt_lib_shutdown_cpp_1                  0x00000397   Thumb Code     0  libshutdown2.o(.ARM.Collect$$libshutdown$$00000002)
    __rt_lib_shutdown_fp_trap_1              0x00000397   Thumb Code     0  libshutdown2.o(.ARM.Collect$$libshutdown$$00000007)
    __rt_lib_shutdown_heap_1                 0x00000397   Thumb Code     0  libshutdown2.o(.ARM.Collect$$libshutdown$$0000000F)
    __rt_lib_shutdown_return                 0x00000397   Thumb Code     0  libshutdown2.o(.ARM.Collect$$libshutdown$$00000010)
    __rt_lib_shutdown_signal_1               0x00000397   Thumb Code     0  libshutdown2.o(.ARM.Collect$$libshutdown$$0000000A)
    __rt_lib_shutdown_stdio_1                0x00000397   Thumb Code     0  libshutdown2.o(.ARM.Collect$$libshutdown$$00000004)
    __rt_lib_shutdown_user_alloc_1           0x00000397   Thumb Code     0  libshutdown2.o(.ARM.Collect$$libshutdown$$0000000C)
    __rt_entry                               0x00000399   Thumb Code     0  __rtentry.o(.ARM.Collect$$rtentry$$00000000)
    __rt_entry_presh_1                       0x00000399   Thumb Code     0  __rtentry2.o(.ARM.Collect$$rtentry$$00000002)
    __rt_entry_sh                            0x00000399   Thumb Code     0  __rtentry4.o(.ARM.Collect$$rtentry$$00000004)
    __rt_entry_li                            0x0000039f   Thumb Code     0  __rtentry2.o(.ARM.Collect$$rtentry$$0000000A)
    __rt_entry_postsh_1                      0x0000039f   Thumb Code     0  __rtentry2.o(.ARM.Collect$$rtentry$$00000009)
    __rt_entry_main                          0x000003a3   Thumb Code     0  __rtentry2.o(.ARM.Collect$$rtentry$$0000000D)
    __rt_entry_postli_1                      0x000003a3   Thumb Code     0  __rtentry2.o(.ARM.Collect$$rtentry$$0000000C)
    __rt_exit                                0x000003ab   Thumb Code     0  rtexit.o(.ARM.Collect$$rtexit$$00000000)
    __rt_exit_ls                             0x000003ad   Thumb Code     0  rtexit2.o(.ARM.Collect$$rtexit$$00000003)
    __rt_exit_prels_1                        0x000003ad   Thumb Code     0  rtexit2.o(.ARM.Collect$$rtexit$$00000002)
    __rt_exit_exit                           0x000003b1   Thumb Code     0  rtexit2.o(.ARM.Collect$$rtexit$$00000004)
    Reset_Handler                            0x000003b9   Thumb Code     8  startup_tm4c123.o(.text)
    NMI_Handler                              0x000003c1   Thumb Code     2  startup_tm4c123.o(.text)
    HardFault_Handler                        0x000003c3   Thumb Code     2  startup_tm4c123.o(.text)
    MemManage_Handler                        0x000003c5   Thumb Code     2  startup_tm4c123.o(.text)
    BusFault_Handler                         0x000003c7   Thumb Code     2  startup_tm4c123.o(.text)
    UsageFault_Handler                       0x000003c9   Thumb Code     2  startup_tm4c123.o(.text)
    SVC_Handler                              0x000003cb   Thumb Code     2  startup_tm4c123.o(.text)
    DebugMon_Handler                         0x000003cd   Thumb Code     2  startup_tm4c123.o(.text)
    PendSV_Handler                           0x000003cf   Thumb Code     2  startup_tm4c123.o(.text)
    GPIOA_Handler                            0x000003d3   Thumb Code     2  startup_tm4c123.o(.text)
    GPIOB_Handler                            0x000003d5   Thumb Code     2  startup_tm4c123.o(.text)
    GPIOC_Handler                            0x000003d7   Thumb Code     2  startup_tm4c123.o(.text)
    GPIOD_Handler                            0x000003d9   Thumb Code     2  startup_tm4c123.o(.text)
    GPIOE_Handler                            0x000003db   Thumb Code     2  startup_tm4c123.o(.text)
    UART0_Handler                            0x000003dd   Thumb Code     2  startup_tm4c123.o(.text)
    UART1_Handler                            0x000003df   Thumb Code     2  startup_tm4c123.o(.text)
    SSI0_Handler                             0x000003e1   Thumb Code     2  startup_tm4c123.o(.text)
    I2C0_Handler                             0x000003e3   Thumb Code     2  startup_tm4c123.o(.text)
    PMW0_FAULT_Handler                       0x000003e5   Thumb Code     2  startup_tm4c123.o(.text)
    PWM0_0_Handler                           0x000003e7   Thumb Code     2  startup_tm4c123.o(.text)
    PWM0_1_Handler                           0x000003e9   Thumb Code     2  startup_tm4c123.o(.text)
    PWM0_2_Handler                           0x000003eb   Thumb Code     2  startup_tm4c123.o(.text)
    QEI0_Handler                             0x000003ed   Thumb Code     2  startup_tm4c123.o(.text)
    ADC0SS0_Handler                          0x000003ef   Thumb Code     2  startup_tm4c123.o(.text)
    ADC0SS1_Handler                          0x000003f1   Thumb Code     2  startup_tm4c123.o(.text)
    ADC0SS2_Handler                          0x000003f3   Thumb Code     2  startup_tm4c123.o(.text)
    ADC0SS3_Handler                          0x000003f5   Thumb Code     2  startup_tm4c123.o(.text)
    WDT0_Handler                             0x000003f7   Thumb Code     2  startup_tm4c123.o(.text)
    TIMER0A_Handler                          0x000003f9   Thumb Code     2  startup_tm4c123.o(.text)
    TIMER0B_Handler                          0x000003fb   Thumb Code     2  startup_tm4c123.o(.text)
    TIMER1A_Handler                          0x000003fd   Thumb Code     2  startup_tm4c123.o(.text)
    TIMER1B_Handler                          0x000003ff   Thumb Code     2  startup_tm4c123.o(.text)
    TIMER2A_Handler                          0x00000401   Thumb Code     2  startup_tm4c123.o(.text)
    TIMER2B_Handler                          0x00000403   Thumb Code     2  startup_tm4c123.o(.text)
    COMP0_Handler                            0x00000405   Thumb Code     2  startup_tm4c123.o(.text)
    COMP1_Handler                            0x00000407   Thumb Code     2  startup_tm4c123.o(.text)
    COMP2_Handler                            0x00000409   Thumb Code     2  startup_tm4c123.o(.text)
    SYSCTL_Handler                           0x0000040b   Thumb Code     2  startup_tm4c123.o(.text)
    FLASH_Handler                            0x0000040d   Thumb Code     2  startup_tm4c123.o(.text)
    GPIOF_Handler                            0x0000040f   Thumb Code     2  startup_tm4c123.o(.text)
    GPIOG_Handler                            0x00000411   Thumb Code     2  startup_tm4c123.o(.text)
    GPIOH_Handler                            0x00000413   Thumb Code     2  startup_tm4c123.o(.text)
    UART2_Handler                            0x00000415   Thumb Code     2  startup_tm4c123.o(.text)
    SSI1_Handler                             0x00000417   Thumb Code     2  startup_tm4c123.o(.text)
    TIMER3A_Handler                          0x00000419   Thumb Code     2  startup_tm4c123.o(.text)
    TIMER3B_Handler                          0x0000041b   Thumb Code     2  startup_tm4c123.o(.text)
    I2C1_Handler                             0x0000041d   Thumb Code     2  startup_tm4c123.o(.text)
    QEI1_Handler                             0x0000041f   Thumb Code     2  startup_tm4c123.o(.text)
    CAN0_Handler                             0x00000421   Thumb Code     2  startup_tm4c123.o(.text)
    CAN1_Handler                             0x00000423   Thumb Code     2  startup_tm4c123.o(.text)
    CAN2_Handler                             0x00000425   Thumb Code     2  startup_tm4c123.o(.text)
    HIB_Handler                              0x00000427   Thumb Code     2  startup_tm4c123.o(.text)
    USB0_Handler                             0x00000429   Thumb Code     2  startup_tm4c123.o(.text)
    PWM0_3_Handler                           0x0000042b   Thumb Code     2  startup_tm4c123.o(.text)
    UDMA_Handler                             0x0000042d   Thumb Code     2  startup_tm4c123.o(.text)
    UDMAERR_Handler                          0x0000042f   Thumb Code     2  startup_tm4c123.o(.text)
    ADC1SS0_Handler                          0x00000431   Thumb Code     2  startup_tm4c123.o(.text)
    ADC1SS1_Handler                          0x00000433   Thumb Code     2  startup_tm4c123.o(.text)
    ADC1SS2_Handler                          0x00000435   Thumb Code     2  startup_tm4c123.o(.text)
    ADC1SS3_Handler                          0x00000437   Thumb Code     2  startup_tm4c123.o(.text)
    GPIOJ_Handler                            0x00000439   Thumb Code     2  startup_tm4c123.o(.text)
    GPIOK_Handler                            0x0000043b   Thumb Code     2  startup_tm4c123.o(.text)
    GPIOL_Handler                            0x0000043d   Thumb Code     2  startup_tm4c123.o(.text)
    SSI2_Handler                             0x0000043f   Thumb Code     2  startup_tm4c123.o(.text)
    SSI3_Handler                             0x00000441   Thumb Code     2  startup_tm4c123.o(.text)
    UART3_Handler                            0x00000443   Thumb Code     2  startup_tm4c123.o(.text)
    UART4_Handler                            0x00000445   Thumb Code     2  startup_tm4c123.o(.text)
    UART5_Handler                            0x00000447   Thumb Code     2  startup_tm4c123.o(.text)
    UART6_Handler                            0x00000449   Thumb Code     2  startup_tm4c123.o(.text)
    UART7_Handler                            0x0000044b   Thumb Code     2  startup_tm4c123.o(.text)
    I2C2_Handler                             0x0000044d   Thumb Code     2  startup_tm4c123.o(.text)
    I2C3_Handler                             0x0000044f   Thumb Code     2  startup_tm4c123.o(.text)
    TIMER4A_Handler                          0x00000451   Thumb Code     2  startup_tm4c123.o(.text)
    TIMER4B_Handler                          0x00000453   Thumb Code     2  startup_tm4c123.o(.text)
    TIMER5A_Handler                          0x00000455   Thumb Code     2  startup_tm4c123.o(.text)
    TIMER5B_Handler                          0x00000457   Thumb Code     2  startup_tm4c123.o(.text)
    WTIMER0A_Handler                         0x00000459   Thumb Code     2  startup_tm4c123.o(.text)
    WTIMER0B_Handler                         0x0000045b   Thumb Code     2  startup_tm4c123.o(.text)
    WTIMER1A_Handler                         0x0000045d   Thumb Code     2  startup_tm4c123.o(.text)
    WTIMER1B_Handler                         0x0000045f   Thumb Code     2  startup_tm4c123.o(.text)
    WTIMER2A_Handler                         0x00000461   Thumb Code     2  startup_tm4c123.o(.text)
    WTIMER2B_Handler                         0x00000463   Thumb Code     2  startup_tm4c123.o(.text)
    WTIMER3A_Handler                         0x00000465   Thumb Code     2  startup_tm4c123.o(.text)
    WTIMER3B_Handler                         0x00000467   Thumb Code     2  startup_tm4c123.o(.text)
    WTIMER4A_Handler                         0x00000469   Thumb Code     2  startup_tm4c123.o(.text)
    WTIMER4B_Handler                         0x0000046b   Thumb Code     2  startup_tm4c123.o(.text)
    WTIMER5A_Handler                         0x0000046d   Thumb Code     2  startup_tm4c123.o(.text)
    WTIMER5B_Handler                         0x0000046f   Thumb Code     2  startup_tm4c123.o(.text)
    FPU_Handler                              0x00000471   Thumb Code     2  startup_tm4c123.o(.text)
    I2C4_Handler                             0x00000473   Thumb Code     2  startup_tm4c123.o(.text)
    I2C5_Handler                             0x00000475   Thumb Code     2  startup_tm4c123.o(.text)
    GPIOM_Handler                            0x00000477   Thumb Code     2  startup_tm4c123.o(.text)
    GPION_Handler                            0x00000479   Thumb Code     2  startup_tm4c123.o(.text)
    QEI2_Handler                             0x0000047b   Thumb Code     2  startup_tm4c123.o(.text)
    GPIOP0_Handler                           0x0000047d   Thumb Code     2  startup_tm4c123.o(.text)
    GPIOP1_Handler                           0x0000047f   Thumb Code     2  startup_tm4c123.o(.text)
    GPIOP2_Handler                           0x00000481   Thumb Code     2  startup_tm4c123.o(.text)
    GPIOP3_Handler                           0x00000483   Thumb Code     2  startup_tm4c123.o(.text)
    GPIOP4_Handler                           0x00000485   Thumb Code     2  startup_tm4c123.o(.text)
    GPIOP5_Handler                           0x00000487   Thumb Code     2  startup_tm4c123.o(.text)
    GPIOP6_Handler                           0x00000489   Thumb Code     2  startup_tm4c123.o(.text)
    GPIOP7_Handler                           0x0000048b   Thumb Code     2  startup_tm4c123.o(.text)
    GPIOQ0_Handler                           0x0000048d   Thumb Code     2  startup_tm4c123.o(.text)
    GPIOQ1_Handler                           0x0000048f   Thumb Code     2  startup_tm4c123.o(.text)
    GPIOQ2_Handler                           0x00000491   Thumb Code     2  startup_tm4c123.o(.text)
    GPIOQ3_Handler                           0x00000493   Thumb Code     2  startup_tm4c123.o(.text)
    GPIOQ4_Handler                           0x00000495   Thumb Code     2  startup_tm4c123.o(.text)
    GPIOQ5_Handler                           0x00000497   Thumb Code     2  startup_tm4c123.o(.text)
    GPIOQ6_Handler                           0x00000499   Thumb Code     2  startup_tm4c123.o(.text)
    GPIOQ7_Handler                           0x0000049b   Thumb Code     2  startup_tm4c123.o(.text)
    GPIOR_Handler                            0x0000049d   Thumb Code     2  startup_tm4c123.o(.text)
    GPIOS_Handler                            0x0000049f   Thumb Code     2  startup_tm4c123.o(.text)
    PMW1_0_Handler                           0x000004a1   Thumb Code     2  startup_tm4c123.o(.text)
    PWM1_1_Handler                           0x000004a3   Thumb Code     2  startup_tm4c123.o(.text)
    PWM1_2_Handler                           0x000004a5   Thumb Code     2  startup_tm4c123.o(.text)
    PWM1_3_Handler                           0x000004a7   Thumb Code     2  startup_tm4c123.o(.text)
    PWM1_FAULT_Handler                       0x000004a9   Thumb Code     2  startup_tm4c123.o(.text)
    __user_initial_stackheap                 0x000004ad   Thumb Code     0  startup_tm4c123.o(.text)
    sprintf                                  0x000004cd   Thumb Code    38  sprintf.o(.text)
    __use_two_region_memory                  0x000004f9   Thumb Code     2  heapauxi.o(.text)
    __rt_heap_escrow$2region                 0x000004fb   Thumb Code     2  heapauxi.o(.text)
    __rt_heap_expand$2region                 0x000004fd   Thumb Code     2  heapauxi.o(.text)
    _printf_pre_padding                      0x000004ff   Thumb Code    44  _printf_pad.o(.text)
    _printf_post_padding                     0x0000052b   Thumb Code    34  _printf_pad.o(.text)
    _printf_truncate_signed                  0x0000054d   Thumb Code    18  _printf_truncate.o(.text)
    _printf_truncate_unsigned                0x0000055f   Thumb Code    18  _printf_truncate.o(.text)
    _printf_str                              0x00000571   Thumb Code    82  _printf_str.o(.text)
    _printf_int_dec                          0x000005c5   Thumb Code   104  _printf_dec.o(.text)
    _printf_charcount                        0x0000063d   Thumb Code    40  _printf_charcount.o(.text)
    _printf_char_common                      0x0000066f   Thumb Code    32  _printf_char_common.o(.text)
    _sputc                                   0x00000695   Thumb Code    10  _sputc.o(.text)
    _printf_wctomb                           0x000006a1   Thumb Code   182  _printf_wctomb.o(.text)
    _printf_longlong_dec                     0x0000075d   Thumb Code   108  _printf_longlong_dec.o(.text)
    _printf_longlong_oct                     0x000007d9   Thumb Code    68  _printf_oct_int_ll.o(.text)
    _printf_int_oct                          0x0000081d   Thumb Code    24  _printf_oct_int_ll.o(.text)
    _printf_ll_oct                           0x00000835   Thumb Code    12  _printf_oct_int_ll.o(.text)
    _printf_longlong_hex                     0x00000849   Thumb Code    86  _printf_hex_int_ll_ptr.o(.text)
    _printf_int_hex                          0x0000089f   Thumb Code    28  _printf_hex_int_ll_ptr.o(.text)
    _printf_ll_hex                           0x000008bb   Thumb Code    12  _printf_hex_int_ll_ptr.o(.text)
    _printf_hex_ptr                          0x000008c7   Thumb Code    18  _printf_hex_int_ll_ptr.o(.text)
    __printf                                 0x000008dd   Thumb Code   388  __printf_flags_ss_wp.o(.text)
    _ll_udiv10                               0x00000a65   Thumb Code   138  lludiv10.o(.text)
    _printf_int_common                       0x00000aef   Thumb Code   178  _printf_intcommon.o(.text)
    _printf_fp_dec_real                      0x00000d51   Thumb Code   620  _printf_fp_dec.o(.text)
    _printf_fp_hex_real                      0x00000fbd   Thumb Code   756  _printf_fp_hex.o(.text)
    _printf_cs_common                        0x000012b9   Thumb Code    20  _printf_char.o(.text)
    _printf_char                             0x000012cd   Thumb Code    16  _printf_char.o(.text)
    _printf_string                           0x000012dd   Thumb Code     8  _printf_char.o(.text)
    _printf_lcs_common                       0x000012e5   Thumb Code    20  _printf_wchar.o(.text)
    _printf_wchar                            0x000012f9   Thumb Code    16  _printf_wchar.o(.text)
    _printf_wstring                          0x00001309   Thumb Code     8  _printf_wchar.o(.text)
    _c16rtomb                                0x00001311   Thumb Code    72  _c16rtomb.o(.text)
    _wcrtomb                                 0x00001311   Thumb Code     0  _c16rtomb.o(.text)
    __user_setup_stackheap                   0x00001359   Thumb Code    74  sys_stackheap_outer.o(.text)
    __rt_ctype_table                         0x000013a5   Thumb Code    16  rt_ctype_table.o(.text)
    __rt_locale                              0x000013b5   Thumb Code     8  rt_locale_intlibspace.o(.text)
    _printf_fp_infnan                        0x000013bd   Thumb Code   112  _printf_fp_infnan.o(.text)
    _btod_etento                             0x0000143d   Thumb Code   224  bigflt0.o(.text)
    exit                                     0x00001521   Thumb Code    18  exit.o(.text)
    __user_libspace                          0x00001535   Thumb Code     8  libspace.o(.text)
    __user_perproc_libspace                  0x00001535   Thumb Code     0  libspace.o(.text)
    __user_perthread_libspace                0x00001535   Thumb Code     0  libspace.o(.text)
    strcmp                                   0x00001541   Thumb Code   124  strcmpv7em.o(.text)
    _sys_exit                                0x000015bd   Thumb Code     8  sys_exit.o(.text)
    __I$use$semihosting                      0x000015c9   Thumb Code     0  use_no_semi.o(.text)
    __use_no_semihosting_swi                 0x000015c9   Thumb Code     2  use_no_semi.o(.text)
    __semihosting_library_function           0x000015cb   Thumb Code     0  indicate_semi.o(.text)
    Delay_ms                                 0x000015cd   Thumb Code    64  oled.o(.text.Delay_ms)
    GPIO_Init                                0x0000160d   Thumb Code   136  main.o(.text.GPIO_Init)
    I2C3_Init                                0x00001695   Thumb Code   122  i2c.o(.text.I2C3_Init)
    I2C3_Write                               0x00001711   Thumb Code   128  i2c.o(.text.I2C3_Write)
    OLED_Clear                               0x00001791   Thumb Code    90  oled.o(.text.OLED_Clear)
    OLED_Command                             0x000017ed   Thumb Code    24  oled.o(.text.OLED_Command)
    OLED_Data                                0x00001805   Thumb Code    24  oled.o(.text.OLED_Data)
    OLED_DrawPixel                           0x0000181d   Thumb Code   136  oled.o(.text.OLED_DrawPixel)
    OLED_DrawRect                            0x000018a5   Thumb Code   220  oled.o(.text.OLED_DrawRect)
    OLED_Init                                0x00001981   Thumb Code   264  oled.o(.text.OLED_Init)
    OLED_PutChar                             0x00001a89   Thumb Code   106  oled.o(.text.OLED_PutChar)
    OLED_Update                              0x00001af5   Thumb Code   142  oled.o(.text.OLED_Update)
    OLED_Write_String                        0x00001b85   Thumb Code    34  oled.o(.text.OLED_Write_String)
    OLED_YX                                  0x00001ba9   Thumb Code    60  oled.o(.text.OLED_YX)
    Pong_2P_Loop                             0x00001be5   Thumb Code   824  pong2player.o(.text.Pong_2P_Loop)
    SysTick_Handler                          0x00001f1d   Thumb Code    16  i2c.o(.text.SysTick_Handler)
    SystemInit                               0x00001f2d   Thumb Code   268  system_tm4c123.o(.text.SystemInit)
    drawCourt                                0x00002039   Thumb Code    26  pongcourt.o(.text.drawCourt)
    drawScore2p                              0x00002055   Thumb Code    58  pong2player.o(.text.drawScore2p)
    handleGameOver2p                         0x00002091   Thumb Code   152  pong2player.o(.text.handleGameOver2p)
    handleScoring2p                          0x00002129   Thumb Code   260  pong2player.o(.text.handleScoring2p)
    initSysTick                              0x0000222d   Thumb Code    40  i2c.o(.text.initSysTick)
    main                                     0x00002255   Thumb Code    40  main.o(.text.main)
    millis                                   0x0000227d   Thumb Code    12  i2c.o(.text.millis)
    _btod_d2e                                0x00002289   Thumb Code    62  btod.o(CL$$btod_d2e)
    _d2e_denorm_low                          0x000022c7   Thumb Code    70  btod.o(CL$$btod_d2e_denorm_low)
    _d2e_norm_op1                            0x0000230d   Thumb Code    96  btod.o(CL$$btod_d2e_norm_op1)
    __btod_div_common                        0x0000236d   Thumb Code   696  btod.o(CL$$btod_div_common)
    _e2e                                     0x000026a5   Thumb Code   220  btod.o(CL$$btod_e2e)
    _btod_ediv                               0x00002781   Thumb Code    42  btod.o(CL$$btod_ediv)
    _btod_emul                               0x000027ab   Thumb Code    42  btod.o(CL$$btod_emul)
    __btod_mult_common                       0x000027d5   Thumb Code   580  btod.o(CL$$btod_mult_common)
    __ARM_fpclassify                         0x00002a19   Thumb Code    48  fpclassify.o(i.__ARM_fpclassify)
    _is_digit                                0x00002a49   Thumb Code    14  __printf_wp.o(i._is_digit)
    _get_lc_numeric                          0x00002a59   Thumb Code    44  lc_numeric_c.o(locale$$code)
    _get_lc_ctype                            0x00002a85   Thumb Code    44  lc_ctype_c.o(locale$$code)
    _fp_init                                 0x00002ab1   Thumb Code    26  fpinit.o(x$fpl$fpinit)
    __fplib_config_fpu_vfp                   0x00002ac9   Thumb Code     0  fpinit.o(x$fpl$fpinit)
    __fplib_config_pureend_doubles           0x00002ac9   Thumb Code     0  fpinit.o(x$fpl$fpinit)
    _printf_fp_dec                           0x00002acb   Thumb Code     4  printf1.o(x$fpl$printf1)
    _printf_fp_hex                           0x00002acf   Thumb Code     4  printf2.o(x$fpl$printf2)
    __I$use$fp                               0x00002ad2   Number         0  usenofp.o(x$fpl$usenofp)
    OledFont                                 0x00002bd0   Data         768  font.o(.rodata.OledFont)
    Region$$Table$$Base                      0x00002f10   Number         0  anon$$obj.o(Region$$Table)
    Region$$Table$$Limit                     0x00002f30   Number         0  anon$$obj.o(Region$$Table)
    __ctype                                  0x00002f59   Data           0  lc_ctype_c.o(locale$$data)
    ball_dir_x                               0x20000000   Data           1  pongcourt.o(.data.ball_dir_x)
    ball_dir_y                               0x20000001   Data           1  pongcourt.o(.data.ball_dir_y)
    ball_x                                   0x20000002   Data           1  pongcourt.o(.data.ball_x)
    ball_y                                   0x20000003   Data           1  pongcourt.o(.data.ball_y)
    player1_y                                0x20000004   Data           1  pong2player.o(.data.player1_y)
    player2_y                                0x20000005   Data           1  pong2player.o(.data.player2_y)
    __libspace_start                         0x20000008   Data          96  libspace.o(.bss)
    __temporary_stack_top$libspace           0x20000068   Data           0  libspace.o(.bss)
    ball_update                              0x20000068   Data           4  pongcourt.o(.bss.ball_update)
    msTicks                                  0x2000006c   Data           4  i2c.o(.bss.msTicks)
    paddle_update                            0x20000470   Data           4  pongcourt.o(.bss.paddle_update)
    player1_score                            0x20000474   Data           1  pong2player.o(.bss.player1_score)
    player2_score                            0x20000475   Data           1  pong2player.o(.bss.player2_score)



==============================================================================

Memory Map of the image

  Image Entry point : 0x000003b9

  Load Region LR_1 (Base: 0x00000000, Size: 0x00003064, Max: 0xffffffff, ABSOLUTE)

    Execution Region ER_RO (Exec base: 0x00000000, Load base: 0x00000000, Size: 0x0000305c, Max: 0xffffffff, ABSOLUTE)

    Exec Addr    Load Addr    Size         Type   Attr      Idx    E Section Name        Object

    0x00000000   0x00000000   0x0000026c   Data   RO          125    RESET               startup_tm4c123.o
    0x0000026c   0x0000026c   0x00000008   Code   RO          152  * !!!main             c_w.l(__main.o)
    0x00000274   0x00000274   0x00000034   Code   RO          489    !!!scatter          c_w.l(__scatter.o)
    0x000002a8   0x000002a8   0x0000001a   Code   RO          491    !!handler_copy      c_w.l(__scatter_copy.o)
    0x000002c2   0x000002c2   0x00000002   PAD
    0x000002c4   0x000002c4   0x0000001c   Code   RO          493    !!handler_zi        c_w.l(__scatter_zi.o)
    0x000002e0   0x000002e0   0x00000000   Code   RO          236    .ARM.Collect$$_printf_percent$$00000000  c_w.l(_printf_percent.o)
    0x000002e0   0x000002e0   0x00000006   Code   RO          225    .ARM.Collect$$_printf_percent$$00000001  c_w.l(_printf_n.o)
    0x000002e6   0x000002e6   0x00000006   Code   RO          227    .ARM.Collect$$_printf_percent$$00000002  c_w.l(_printf_p.o)
    0x000002ec   0x000002ec   0x00000006   Code   RO          232    .ARM.Collect$$_printf_percent$$00000003  c_w.l(_printf_f.o)
    0x000002f2   0x000002f2   0x00000006   Code   RO          233    .ARM.Collect$$_printf_percent$$00000004  c_w.l(_printf_e.o)
    0x000002f8   0x000002f8   0x00000006   Code   RO          234    .ARM.Collect$$_printf_percent$$00000005  c_w.l(_printf_g.o)
    0x000002fe   0x000002fe   0x00000006   Code   RO          235    .ARM.Collect$$_printf_percent$$00000006  c_w.l(_printf_a.o)
    0x00000304   0x00000304   0x0000000a   Code   RO          240    .ARM.Collect$$_printf_percent$$00000007  c_w.l(_printf_ll.o)
    0x0000030e   0x0000030e   0x00000006   Code   RO          229    .ARM.Collect$$_printf_percent$$00000008  c_w.l(_printf_i.o)
    0x00000314   0x00000314   0x00000006   Code   RO          230    .ARM.Collect$$_printf_percent$$00000009  c_w.l(_printf_d.o)
    0x0000031a   0x0000031a   0x00000006   Code   RO          231    .ARM.Collect$$_printf_percent$$0000000A  c_w.l(_printf_u.o)
    0x00000320   0x00000320   0x00000006   Code   RO          228    .ARM.Collect$$_printf_percent$$0000000B  c_w.l(_printf_o.o)
    0x00000326   0x00000326   0x00000006   Code   RO          226    .ARM.Collect$$_printf_percent$$0000000C  c_w.l(_printf_x.o)
    0x0000032c   0x0000032c   0x00000006   Code   RO          237    .ARM.Collect$$_printf_percent$$0000000D  c_w.l(_printf_lli.o)
    0x00000332   0x00000332   0x00000006   Code   RO          238    .ARM.Collect$$_printf_percent$$0000000E  c_w.l(_printf_lld.o)
    0x00000338   0x00000338   0x00000006   Code   RO          239    .ARM.Collect$$_printf_percent$$0000000F  c_w.l(_printf_llu.o)
    0x0000033e   0x0000033e   0x00000006   Code   RO          244    .ARM.Collect$$_printf_percent$$00000010  c_w.l(_printf_llo.o)
    0x00000344   0x00000344   0x00000006   Code   RO          245    .ARM.Collect$$_printf_percent$$00000011  c_w.l(_printf_llx.o)
    0x0000034a   0x0000034a   0x0000000a   Code   RO          241    .ARM.Collect$$_printf_percent$$00000012  c_w.l(_printf_l.o)
    0x00000354   0x00000354   0x00000006   Code   RO          223    .ARM.Collect$$_printf_percent$$00000013  c_w.l(_printf_c.o)
    0x0000035a   0x0000035a   0x00000006   Code   RO          224    .ARM.Collect$$_printf_percent$$00000014  c_w.l(_printf_s.o)
    0x00000360   0x00000360   0x00000006   Code   RO          242    .ARM.Collect$$_printf_percent$$00000015  c_w.l(_printf_lc.o)
    0x00000366   0x00000366   0x00000006   Code   RO          243    .ARM.Collect$$_printf_percent$$00000016  c_w.l(_printf_ls.o)
    0x0000036c   0x0000036c   0x00000004   Code   RO          286    .ARM.Collect$$_printf_percent$$00000017  c_w.l(_printf_percent_end.o)
    0x00000370   0x00000370   0x00000002   Code   RO          337    .ARM.Collect$$libinit$$00000000  c_w.l(libinit.o)
    0x00000372   0x00000372   0x00000004   Code   RO          355    .ARM.Collect$$libinit$$00000001  c_w.l(libinit2.o)
    0x00000376   0x00000376   0x00000000   Code   RO          358    .ARM.Collect$$libinit$$00000004  c_w.l(libinit2.o)
    0x00000376   0x00000376   0x00000000   Code   RO          360    .ARM.Collect$$libinit$$00000006  c_w.l(libinit2.o)
    0x00000376   0x00000376   0x00000000   Code   RO          363    .ARM.Collect$$libinit$$0000000C  c_w.l(libinit2.o)
    0x00000376   0x00000376   0x00000000   Code   RO          365    .ARM.Collect$$libinit$$0000000E  c_w.l(libinit2.o)
    0x00000376   0x00000376   0x00000000   Code   RO          367    .ARM.Collect$$libinit$$00000010  c_w.l(libinit2.o)
    0x00000376   0x00000376   0x00000006   Code   RO          368    .ARM.Collect$$libinit$$00000011  c_w.l(libinit2.o)
    0x0000037c   0x0000037c   0x00000000   Code   RO          370    .ARM.Collect$$libinit$$00000013  c_w.l(libinit2.o)
    0x0000037c   0x0000037c   0x0000000c   Code   RO          371    .ARM.Collect$$libinit$$00000014  c_w.l(libinit2.o)
    0x00000388   0x00000388   0x00000000   Code   RO          372    .ARM.Collect$$libinit$$00000015  c_w.l(libinit2.o)
    0x00000388   0x00000388   0x00000000   Code   RO          374    .ARM.Collect$$libinit$$00000017  c_w.l(libinit2.o)
    0x00000388   0x00000388   0x0000000a   Code   RO          375    .ARM.Collect$$libinit$$00000018  c_w.l(libinit2.o)
    0x00000392   0x00000392   0x00000000   Code   RO          376    .ARM.Collect$$libinit$$00000019  c_w.l(libinit2.o)
    0x00000392   0x00000392   0x00000000   Code   RO          378    .ARM.Collect$$libinit$$0000001B  c_w.l(libinit2.o)
    0x00000392   0x00000392   0x00000000   Code   RO          380    .ARM.Collect$$libinit$$0000001D  c_w.l(libinit2.o)
    0x00000392   0x00000392   0x00000000   Code   RO          382    .ARM.Collect$$libinit$$0000001F  c_w.l(libinit2.o)
    0x00000392   0x00000392   0x00000000   Code   RO          384    .ARM.Collect$$libinit$$00000021  c_w.l(libinit2.o)
    0x00000392   0x00000392   0x00000000   Code   RO          386    .ARM.Collect$$libinit$$00000023  c_w.l(libinit2.o)
    0x00000392   0x00000392   0x00000000   Code   RO          388    .ARM.Collect$$libinit$$00000025  c_w.l(libinit2.o)
    0x00000392   0x00000392   0x00000000   Code   RO          390    .ARM.Collect$$libinit$$00000027  c_w.l(libinit2.o)
    0x00000392   0x00000392   0x00000000   Code   RO          394    .ARM.Collect$$libinit$$0000002E  c_w.l(libinit2.o)
    0x00000392   0x00000392   0x00000000   Code   RO          396    .ARM.Collect$$libinit$$00000030  c_w.l(libinit2.o)
    0x00000392   0x00000392   0x00000000   Code   RO          398    .ARM.Collect$$libinit$$00000032  c_w.l(libinit2.o)
    0x00000392   0x00000392   0x00000000   Code   RO          400    .ARM.Collect$$libinit$$00000034  c_w.l(libinit2.o)
    0x00000392   0x00000392   0x00000002   Code   RO          401    .ARM.Collect$$libinit$$00000035  c_w.l(libinit2.o)
    0x00000394   0x00000394   0x00000002   Code   RO          425    .ARM.Collect$$libshutdown$$00000000  c_w.l(libshutdown.o)
    0x00000396   0x00000396   0x00000000   Code   RO          440    .ARM.Collect$$libshutdown$$00000002  c_w.l(libshutdown2.o)
    0x00000396   0x00000396   0x00000000   Code   RO          442    .ARM.Collect$$libshutdown$$00000004  c_w.l(libshutdown2.o)
    0x00000396   0x00000396   0x00000000   Code   RO          445    .ARM.Collect$$libshutdown$$00000007  c_w.l(libshutdown2.o)
    0x00000396   0x00000396   0x00000000   Code   RO          448    .ARM.Collect$$libshutdown$$0000000A  c_w.l(libshutdown2.o)
    0x00000396   0x00000396   0x00000000   Code   RO          450    .ARM.Collect$$libshutdown$$0000000C  c_w.l(libshutdown2.o)
    0x00000396   0x00000396   0x00000000   Code   RO          453    .ARM.Collect$$libshutdown$$0000000F  c_w.l(libshutdown2.o)
    0x00000396   0x00000396   0x00000002   Code   RO          454    .ARM.Collect$$libshutdown$$00000010  c_w.l(libshutdown2.o)
    0x00000398   0x00000398   0x00000000   Code   RO          154    .ARM.Collect$$rtentry$$00000000  c_w.l(__rtentry.o)
    0x00000398   0x00000398   0x00000000   Code   RO          255    .ARM.Collect$$rtentry$$00000002  c_w.l(__rtentry2.o)
    0x00000398   0x00000398   0x00000006   Code   RO          267    .ARM.Collect$$rtentry$$00000004  c_w.l(__rtentry4.o)
    0x0000039e   0x0000039e   0x00000000   Code   RO          257    .ARM.Collect$$rtentry$$00000009  c_w.l(__rtentry2.o)
    0x0000039e   0x0000039e   0x00000004   Code   RO          258    .ARM.Collect$$rtentry$$0000000A  c_w.l(__rtentry2.o)
    0x000003a2   0x000003a2   0x00000000   Code   RO          260    .ARM.Collect$$rtentry$$0000000C  c_w.l(__rtentry2.o)
    0x000003a2   0x000003a2   0x00000008   Code   RO          261    .ARM.Collect$$rtentry$$0000000D  c_w.l(__rtentry2.o)
    0x000003aa   0x000003aa   0x00000002   Code   RO          346    .ARM.Collect$$rtexit$$00000000  c_w.l(rtexit.o)
    0x000003ac   0x000003ac   0x00000000   Code   RO          403    .ARM.Collect$$rtexit$$00000002  c_w.l(rtexit2.o)
    0x000003ac   0x000003ac   0x00000004   Code   RO          404    .ARM.Collect$$rtexit$$00000003  c_w.l(rtexit2.o)
    0x000003b0   0x000003b0   0x00000006   Code   RO          405    .ARM.Collect$$rtexit$$00000004  c_w.l(rtexit2.o)
    0x000003b6   0x000003b6   0x00000002   PAD
    0x000003b8   0x000003b8   0x00000114   Code   RO          126  * .text               startup_tm4c123.o
    0x000004cc   0x000004cc   0x0000002c   Code   RO          148    .text               c_w.l(sprintf.o)
    0x000004f8   0x000004f8   0x00000006   Code   RO          150    .text               c_w.l(heapauxi.o)
    0x000004fe   0x000004fe   0x0000004e   Code   RO          157    .text               c_w.l(_printf_pad.o)
    0x0000054c   0x0000054c   0x00000024   Code   RO          159    .text               c_w.l(_printf_truncate.o)
    0x00000570   0x00000570   0x00000052   Code   RO          161    .text               c_w.l(_printf_str.o)
    0x000005c2   0x000005c2   0x00000002   PAD
    0x000005c4   0x000005c4   0x00000078   Code   RO          163    .text               c_w.l(_printf_dec.o)
    0x0000063c   0x0000063c   0x00000028   Code   RO          165    .text               c_w.l(_printf_charcount.o)
    0x00000664   0x00000664   0x00000030   Code   RO          167    .text               c_w.l(_printf_char_common.o)
    0x00000694   0x00000694   0x0000000a   Code   RO          169    .text               c_w.l(_sputc.o)
    0x0000069e   0x0000069e   0x00000002   PAD
    0x000006a0   0x000006a0   0x000000bc   Code   RO          171    .text               c_w.l(_printf_wctomb.o)
    0x0000075c   0x0000075c   0x0000007c   Code   RO          174    .text               c_w.l(_printf_longlong_dec.o)
    0x000007d8   0x000007d8   0x00000070   Code   RO          180    .text               c_w.l(_printf_oct_int_ll.o)
    0x00000848   0x00000848   0x00000094   Code   RO          200    .text               c_w.l(_printf_hex_int_ll_ptr.o)
    0x000008dc   0x000008dc   0x00000188   Code   RO          220    .text               c_w.l(__printf_flags_ss_wp.o)
    0x00000a64   0x00000a64   0x0000008a   Code   RO          269    .text               c_w.l(lludiv10.o)
    0x00000aee   0x00000aee   0x000000b2   Code   RO          271    .text               c_w.l(_printf_intcommon.o)
    0x00000ba0   0x00000ba0   0x0000041c   Code   RO          273    .text               c_w.l(_printf_fp_dec.o)
    0x00000fbc   0x00000fbc   0x000002fc   Code   RO          277    .text               c_w.l(_printf_fp_hex.o)
    0x000012b8   0x000012b8   0x0000002c   Code   RO          282    .text               c_w.l(_printf_char.o)
    0x000012e4   0x000012e4   0x0000002c   Code   RO          284    .text               c_w.l(_printf_wchar.o)
    0x00001310   0x00001310   0x00000048   Code   RO          287    .text               c_w.l(_c16rtomb.o)
    0x00001358   0x00001358   0x0000004a   Code   RO          289    .text               c_w.l(sys_stackheap_outer.o)
    0x000013a2   0x000013a2   0x00000002   PAD
    0x000013a4   0x000013a4   0x00000010   Code   RO          291    .text               c_w.l(rt_ctype_table.o)
    0x000013b4   0x000013b4   0x00000008   Code   RO          296    .text               c_w.l(rt_locale_intlibspace.o)
    0x000013bc   0x000013bc   0x00000080   Code   RO          298    .text               c_w.l(_printf_fp_infnan.o)
    0x0000143c   0x0000143c   0x000000e4   Code   RO          300    .text               c_w.l(bigflt0.o)
    0x00001520   0x00001520   0x00000012   Code   RO          330    .text               c_w.l(exit.o)
    0x00001532   0x00001532   0x00000002   PAD
    0x00001534   0x00001534   0x00000008   Code   RO          343    .text               c_w.l(libspace.o)
    0x0000153c   0x0000153c   0x00000004   PAD
    0x00001540   0x00001540   0x0000007c   Code   RO          353    .text               c_w.l(strcmpv7em.o)
    0x000015bc   0x000015bc   0x0000000c   Code   RO          415    .text               c_w.l(sys_exit.o)
    0x000015c8   0x000015c8   0x00000002   Code   RO          430    .text               c_w.l(use_no_semi.o)
    0x000015ca   0x000015ca   0x00000000   Code   RO          432    .text               c_w.l(indicate_semi.o)
    0x000015ca   0x000015ca   0x00000002   PAD
    0x000015cc   0x000015cc   0x00000040   Code   RO           56    .text.Delay_ms      oled.o
    0x0000160c   0x0000160c   0x00000088   Code   RO            4    .text.GPIO_Init     main.o
    0x00001694   0x00001694   0x0000007a   Code   RO           66    .text.I2C3_Init     i2c.o
    0x0000170e   0x0000170e   0x00000002   PAD
    0x00001710   0x00001710   0x00000080   Code   RO           68    .text.I2C3_Write    i2c.o
    0x00001790   0x00001790   0x0000005a   Code   RO           36    .text.OLED_Clear    oled.o
    0x000017ea   0x000017ea   0x00000002   PAD
    0x000017ec   0x000017ec   0x00000018   Code   RO           50    .text.OLED_Command  oled.o
    0x00001804   0x00001804   0x00000018   Code   RO           40    .text.OLED_Data     oled.o
    0x0000181c   0x0000181c   0x00000088   Code   RO           44    .text.OLED_DrawPixel  oled.o
    0x000018a4   0x000018a4   0x000000dc   Code   RO           46    .text.OLED_DrawRect  oled.o
    0x00001980   0x00001980   0x00000108   Code   RO           34    .text.OLED_Init     oled.o
    0x00001a88   0x00001a88   0x0000006a   Code   RO           52    .text.OLED_PutChar  oled.o
    0x00001af2   0x00001af2   0x00000002   PAD
    0x00001af4   0x00001af4   0x0000008e   Code   RO           42    .text.OLED_Update   oled.o
    0x00001b82   0x00001b82   0x00000002   PAD
    0x00001b84   0x00001b84   0x00000022   Code   RO           54    .text.OLED_Write_String  oled.o
    0x00001ba6   0x00001ba6   0x00000002   PAD
    0x00001ba8   0x00001ba8   0x0000003c   Code   RO           38    .text.OLED_YX       oled.o
    0x00001be4   0x00001be4   0x00000338   Code   RO           94    .text.Pong_2P_Loop  pong2player.o
    0x00001f1c   0x00001f1c   0x00000010   Code   RO           70    .text.SysTick_Handler  i2c.o
    0x00001f2c   0x00001f2c   0x0000010c   Code   RO          137    .text.SystemInit    system_tm4c123.o
    0x00002038   0x00002038   0x0000001a   Code   RO          110    .text.drawCourt     pongcourt.o
    0x00002052   0x00002052   0x00000002   PAD
    0x00002054   0x00002054   0x0000003a   Code   RO           90    .text.drawScore2p   pong2player.o
    0x0000208e   0x0000208e   0x00000002   PAD
    0x00002090   0x00002090   0x00000098   Code   RO           96    .text.handleGameOver2p  pong2player.o
    0x00002128   0x00002128   0x00000104   Code   RO           92    .text.handleScoring2p  pong2player.o
    0x0000222c   0x0000222c   0x00000028   Code   RO           72    .text.initSysTick   i2c.o
    0x00002254   0x00002254   0x00000028   Code   RO            2    .text.main          main.o
    0x0000227c   0x0000227c   0x0000000c   Code   RO           74    .text.millis        i2c.o
    0x00002288   0x00002288   0x0000003e   Code   RO          303    CL$$btod_d2e        c_w.l(btod.o)
    0x000022c6   0x000022c6   0x00000046   Code   RO          305    CL$$btod_d2e_denorm_low  c_w.l(btod.o)
    0x0000230c   0x0000230c   0x00000060   Code   RO          304    CL$$btod_d2e_norm_op1  c_w.l(btod.o)
    0x0000236c   0x0000236c   0x00000338   Code   RO          313    CL$$btod_div_common  c_w.l(btod.o)
    0x000026a4   0x000026a4   0x000000dc   Code   RO          310    CL$$btod_e2e        c_w.l(btod.o)
    0x00002780   0x00002780   0x0000002a   Code   RO          307    CL$$btod_ediv       c_w.l(btod.o)
    0x000027aa   0x000027aa   0x0000002a   Code   RO          306    CL$$btod_emul       c_w.l(btod.o)
    0x000027d4   0x000027d4   0x00000244   Code   RO          312    CL$$btod_mult_common  c_w.l(btod.o)
    0x00002a18   0x00002a18   0x00000030   Code   RO          341    i.__ARM_fpclassify  m_wm.l(fpclassify.o)
    0x00002a48   0x00002a48   0x0000000e   Code   RO          213    i._is_digit         c_w.l(__printf_wp.o)
    0x00002a56   0x00002a56   0x00000002   PAD
    0x00002a58   0x00002a58   0x0000002c   Code   RO          328    locale$$code        c_w.l(lc_numeric_c.o)
    0x00002a84   0x00002a84   0x0000002c   Code   RO          351    locale$$code        c_w.l(lc_ctype_c.o)
    0x00002ab0   0x00002ab0   0x0000001a   Code   RO          413    x$fpl$fpinit        fz_wm.l(fpinit.o)
    0x00002aca   0x00002aca   0x00000004   Code   RO          246    x$fpl$printf1       fz_wm.l(printf1.o)
    0x00002ace   0x00002ace   0x00000004   Code   RO          248    x$fpl$printf2       fz_wm.l(printf2.o)
    0x00002ad2   0x00002ad2   0x00000000   Code   RO          340    x$fpl$usenofp       fz_wm.l(usenofp.o)
    0x00002ad2   0x00002ad2   0x00000002   PAD
    0x00002ad4   0x00002ad4   0x00000008   Data   RO          172    .constdata          c_w.l(_printf_wctomb.o)
    0x00002adc   0x00002adc   0x00000028   Data   RO          201    .constdata          c_w.l(_printf_hex_int_ll_ptr.o)
    0x00002b04   0x00002b04   0x00000011   Data   RO          221    .constdata          c_w.l(__printf_flags_ss_wp.o)
    0x00002b15   0x00002b15   0x00000026   Data   RO          278    .constdata          c_w.l(_printf_fp_hex.o)
    0x00002b3b   0x00002b3b   0x00000001   PAD
    0x00002b3c   0x00002b3c   0x00000094   Data   RO          301    .constdata          c_w.l(bigflt0.o)
    0x00002bd0   0x00002bd0   0x00000300   Data   RO           84    .rodata.OledFont    font.o
    0x00002ed0   0x00002ed0   0x0000003e   Data   RO          102    .rodata.str1.1      pong2player.o
    0x00002f0e   0x00002f0e   0x00000002   PAD
    0x00002f10   0x00002f10   0x00000020   Data   RO          488    Region$$Table       anon$$obj.o
    0x00002f30   0x00002f30   0x0000001c   Data   RO          327    locale$$data        c_w.l(lc_numeric_c.o)
    0x00002f4c   0x00002f4c   0x00000110   Data   RO          350    locale$$data        c_w.l(lc_ctype_c.o)


    Execution Region ER_RW (Exec base: 0x20000000, Load base: 0x0000305c, Size: 0x00000008, Max: 0xffffffff, ABSOLUTE)

    Exec Addr    Load Addr    Size         Type   Attr      Idx    E Section Name        Object

    0x20000000   0x0000305c   0x00000001   Data   RW          114    .data.ball_dir_x    pongcourt.o
    0x20000001   0x0000305d   0x00000001   Data   RW          115    .data.ball_dir_y    pongcourt.o
    0x20000002   0x0000305e   0x00000001   Data   RW          112    .data.ball_x        pongcourt.o
    0x20000003   0x0000305f   0x00000001   Data   RW          113    .data.ball_y        pongcourt.o
    0x20000004   0x00003060   0x00000001   Data   RW           98    .data.player1_y     pong2player.o
    0x20000005   0x00003061   0x00000001   Data   RW           99    .data.player2_y     pong2player.o


    Execution Region ER_ZI (Exec base: 0x20000008, Load base: 0x00003064, Size: 0x00000670, Max: 0xffffffff, ABSOLUTE)

    Exec Addr    Load Addr    Size         Type   Attr      Idx    E Section Name        Object

    0x20000008        -       0x00000060   Zero   RW          344    .bss                c_w.l(libspace.o)
    0x20000068        -       0x00000004   Zero   RW          116    .bss.ball_update    pongcourt.o
    0x2000006c        -       0x00000004   Zero   RW           76    .bss.msTicks        i2c.o
    0x20000070        -       0x00000400   Zero   RW           58    .bss.oled_buffer    oled.o
    0x20000470        -       0x00000004   Zero   RW          117    .bss.paddle_update  pongcourt.o
    0x20000474        -       0x00000001   Zero   RW          100    .bss.player1_score  pong2player.o
    0x20000475        -       0x00000001   Zero   RW          101    .bss.player2_score  pong2player.o
    0x20000476   0x00003064   0x00000002   PAD
    0x20000478        -       0x00000000   Zero   RW          124    HEAP                startup_tm4c123.o
    0x20000478        -       0x00000200   Zero   RW          123    STACK               startup_tm4c123.o


==============================================================================

Image component sizes


      Code (inc. data)   RO Data    RW Data    ZI Data      Debug   Object Name

         0          0        768          0          0        434   font.o
       318          0          0          0          4       6866   i2c.o
       176          0          0          0          0       5595   main.o
      1164          0          0          0       1024       2973   oled.o
      1294          0         62          2          2       2775   pong2player.o
        26          0          0          4          8        687   pongcourt.o
       276         24        620          0        512       5460   startup_tm4c123.o
       268          0          0          0          0       6695   system_tm4c123.o

    ----------------------------------------------------------------------
      3536         24       1484          8       1552      31485   Object Totals
         0          0         32          0          0          0   (incl. Generated)
        14          0          2          2          2          0   (incl. Padding)

    ----------------------------------------------------------------------

      Code (inc. data)   RO Data    RW Data    ZI Data      Debug   Library Member Name

         8          0          0          0          0         68   __main.o
       392          4         17          0          0         92   __printf_flags_ss_wp.o
        14          0          0          0          0         68   __printf_wp.o
         0          0          0          0          0          0   __rtentry.o
        12          0          0          0          0          0   __rtentry2.o
         6          0          0          0          0          0   __rtentry4.o
        52          8          0          0          0          0   __scatter.o
        26          0          0          0          0          0   __scatter_copy.o
        28          0          0          0          0          0   __scatter_zi.o
        72          0          0          0          0         96   _c16rtomb.o
         6          0          0          0          0          0   _printf_a.o
         6          0          0          0          0          0   _printf_c.o
        44          0          0          0          0        108   _printf_char.o
        48          6          0          0          0         96   _printf_char_common.o
        40          0          0          0          0         68   _printf_charcount.o
         6          0          0          0          0          0   _printf_d.o
       120         16          0          0          0         92   _printf_dec.o
         6          0          0          0          0          0   _printf_e.o
         6          0          0          0          0          0   _printf_f.o
      1052          0          0          0          0        148   _printf_fp_dec.o
       764          8         38          0          0        100   _printf_fp_hex.o
       128         16          0          0          0         84   _printf_fp_infnan.o
         6          0          0          0          0          0   _printf_g.o
       148          4         40          0          0        160   _printf_hex_int_ll_ptr.o
         6          0          0          0          0          0   _printf_i.o
       178          0          0          0          0         88   _printf_intcommon.o
        10          0          0          0          0          0   _printf_l.o
         6          0          0          0          0          0   _printf_lc.o
        10          0          0          0          0          0   _printf_ll.o
         6          0          0          0          0          0   _printf_lld.o
         6          0          0          0          0          0   _printf_lli.o
         6          0          0          0          0          0   _printf_llo.o
         6          0          0          0          0          0   _printf_llu.o
         6          0          0          0          0          0   _printf_llx.o
       124         16          0          0          0         92   _printf_longlong_dec.o
         6          0          0          0          0          0   _printf_ls.o
         6          0          0          0          0          0   _printf_n.o
         6          0          0          0          0          0   _printf_o.o
       112          8          0          0          0        124   _printf_oct_int_ll.o
         6          0          0          0          0          0   _printf_p.o
        78          0          0          0          0        108   _printf_pad.o
         0          0          0          0          0          0   _printf_percent.o
         4          0          0          0          0          0   _printf_percent_end.o
         6          0          0          0          0          0   _printf_s.o
        82          0          0          0          0         80   _printf_str.o
        36          0          0          0          0         84   _printf_truncate.o
         6          0          0          0          0          0   _printf_u.o
        44          0          0          0          0        108   _printf_wchar.o
       188          6          8          0          0         92   _printf_wctomb.o
         6          0          0          0          0          0   _printf_x.o
        10          0          0          0          0         68   _sputc.o
       228          4        148          0          0         96   bigflt0.o
      1936        128          0          0          0        668   btod.o
        18          0          0          0          0         80   exit.o
         6          0          0          0          0        152   heapauxi.o
         0          0          0          0          0          0   indicate_semi.o
        44         10        272          0          0         76   lc_ctype_c.o
        44         10         28          0          0         76   lc_numeric_c.o
         2          0          0          0          0          0   libinit.o
        34          0          0          0          0          0   libinit2.o
         2          0          0          0          0          0   libshutdown.o
         2          0          0          0          0          0   libshutdown2.o
         8          4          0          0         96         68   libspace.o
       138          0          0          0          0         80   lludiv10.o
        16          4          0          0          0         76   rt_ctype_table.o
         8          4          0          0          0         68   rt_locale_intlibspace.o
         2          0          0          0          0          0   rtexit.o
        10          0          0          0          0          0   rtexit2.o
        44          6          0          0          0         84   sprintf.o
       124          0          0          0          0         88   strcmpv7em.o
        12          4          0          0          0         68   sys_exit.o
        74          0          0          0          0         80   sys_stackheap_outer.o
         2          0          0          0          0         68   use_no_semi.o
        26          0          0          0          0        116   fpinit.o
         4          0          0          0          0        116   printf1.o
         4          0          0          0          0        116   printf2.o
         0          0          0          0          0          0   usenofp.o
        48          0          0          0          0        124   fpclassify.o

    ----------------------------------------------------------------------
      6808        270        552          0         96       4324   Library Totals
        22          4          1          0          0          0   (incl. Padding)

    ----------------------------------------------------------------------

      Code (inc. data)   RO Data    RW Data    ZI Data      Debug   Library Name

      6704        266        551          0         96       3852   c_w.l
        34          0          0          0          0        348   fz_wm.l
        48          0          0          0          0        124   m_wm.l

    ----------------------------------------------------------------------
      6808        270        552          0         96       4324   Library Totals

    ----------------------------------------------------------------------

==============================================================================


      Code (inc. data)   RO Data    RW Data    ZI Data      Debug   

     10344        294       2036          8       1648      33481   Grand Totals
     10344        294       2036          8       1648      33481   ELF Image Totals
     10344        294       2036          8          0          0   ROM Totals

==============================================================================

    Total RO  Size (Code + RO Data)                12380 (  12.09kB)
    Total RW  Size (RW Data + ZI Data)              1656 (   1.62kB)
    Total ROM Size (Code + RO Data + RW Data)      12388 (  12.10kB)

==============================================================================

